Archive member included to satisfy reference by file (symbol)

/usr/lib/gcc/arm-none-eabi/14.2.0/../../../../arm-none-eabi/lib/thumb/v7e-m+fp/hard/libc_nano.a(libc_a-atexit.o)
                              /usr/lib/gcc/arm-none-eabi/14.2.0/../../../../arm-none-eabi/lib/thumb/v7e-m+fp/hard/crt0.o (atexit)
/usr/lib/gcc/arm-none-eabi/14.2.0/../../../../arm-none-eabi/lib/thumb/v7e-m+fp/hard/libc_nano.a(libc_a-exit.o)
                              /usr/lib/gcc/arm-none-eabi/14.2.0/../../../../arm-none-eabi/lib/thumb/v7e-m+fp/hard/crt0.o (exit)
/usr/lib/gcc/arm-none-eabi/14.2.0/../../../../arm-none-eabi/lib/thumb/v7e-m+fp/hard/libc_nano.a(libc_a-findfp.o)
                              /usr/lib/gcc/arm-none-eabi/14.2.0/../../../../arm-none-eabi/lib/thumb/v7e-m+fp/hard/libc_nano.a(libc_a-exit.o) (__stdio_exit_handler)
/usr/lib/gcc/arm-none-eabi/14.2.0/../../../../arm-none-eabi/lib/thumb/v7e-m+fp/hard/libc_nano.a(libc_a-fwalk.o)
                              /usr/lib/gcc/arm-none-eabi/14.2.0/../../../../arm-none-eabi/lib/thumb/v7e-m+fp/hard/libc_nano.a(libc_a-findfp.o) (_fwalk_sglue)
/usr/lib/gcc/arm-none-eabi/14.2.0/../../../../arm-none-eabi/lib/thumb/v7e-m+fp/hard/libc_nano.a(libc_a-stdio.o)
                              /usr/lib/gcc/arm-none-eabi/14.2.0/../../../../arm-none-eabi/lib/thumb/v7e-m+fp/hard/libc_nano.a(libc_a-findfp.o) (__sread)
/usr/lib/gcc/arm-none-eabi/14.2.0/../../../../arm-none-eabi/lib/thumb/v7e-m+fp/hard/libc_nano.a(libc_a-vsnprintf.o)
                              build/debug/Core/Src/main.o (vsnprintf)
/usr/lib/gcc/arm-none-eabi/14.2.0/../../../../arm-none-eabi/lib/thumb/v7e-m+fp/hard/libc_nano.a(libc_a-memset.o)
                              /usr/lib/gcc/arm-none-eabi/14.2.0/../../../../arm-none-eabi/lib/thumb/v7e-m+fp/hard/crt0.o (memset)
/usr/lib/gcc/arm-none-eabi/14.2.0/../../../../arm-none-eabi/lib/thumb/v7e-m+fp/hard/libc_nano.a(libc_a-closer.o)
                              /usr/lib/gcc/arm-none-eabi/14.2.0/../../../../arm-none-eabi/lib/thumb/v7e-m+fp/hard/libc_nano.a(libc_a-stdio.o) (_close_r)
/usr/lib/gcc/arm-none-eabi/14.2.0/../../../../arm-none-eabi/lib/thumb/v7e-m+fp/hard/libc_nano.a(libc_a-reent.o)
                              /usr/lib/gcc/arm-none-eabi/14.2.0/../../../../arm-none-eabi/lib/thumb/v7e-m+fp/hard/libc_nano.a(libc_a-closer.o) (errno)
/usr/lib/gcc/arm-none-eabi/14.2.0/../../../../arm-none-eabi/lib/thumb/v7e-m+fp/hard/libc_nano.a(libc_a-impure.o)
                              /usr/lib/gcc/arm-none-eabi/14.2.0/../../../../arm-none-eabi/lib/thumb/v7e-m+fp/hard/libc_nano.a(libc_a-vsnprintf.o) (_impure_ptr)
/usr/lib/gcc/arm-none-eabi/14.2.0/../../../../arm-none-eabi/lib/thumb/v7e-m+fp/hard/libc_nano.a(libc_a-lseekr.o)
                              /usr/lib/gcc/arm-none-eabi/14.2.0/../../../../arm-none-eabi/lib/thumb/v7e-m+fp/hard/libc_nano.a(libc_a-stdio.o) (_lseek_r)
/usr/lib/gcc/arm-none-eabi/14.2.0/../../../../arm-none-eabi/lib/thumb/v7e-m+fp/hard/libc_nano.a(libc_a-readr.o)
                              /usr/lib/gcc/arm-none-eabi/14.2.0/../../../../arm-none-eabi/lib/thumb/v7e-m+fp/hard/libc_nano.a(libc_a-stdio.o) (_read_r)
/usr/lib/gcc/arm-none-eabi/14.2.0/../../../../arm-none-eabi/lib/thumb/v7e-m+fp/hard/libc_nano.a(libc_a-writer.o)
                              /usr/lib/gcc/arm-none-eabi/14.2.0/../../../../arm-none-eabi/lib/thumb/v7e-m+fp/hard/libc_nano.a(libc_a-stdio.o) (_write_r)
/usr/lib/gcc/arm-none-eabi/14.2.0/../../../../arm-none-eabi/lib/thumb/v7e-m+fp/hard/libc_nano.a(libc_a-errno.o)
                              build/debug/Core/Src/syscalls.o (__errno)
/usr/lib/gcc/arm-none-eabi/14.2.0/../../../../arm-none-eabi/lib/thumb/v7e-m+fp/hard/libc_nano.a(libc_a-init.o)
                              /usr/lib/gcc/arm-none-eabi/14.2.0/../../../../arm-none-eabi/lib/thumb/v7e-m+fp/hard/crt0.o (__libc_init_array)
/usr/lib/gcc/arm-none-eabi/14.2.0/../../../../arm-none-eabi/lib/thumb/v7e-m+fp/hard/libc_nano.a(libc_a-fini.o)
                              /usr/lib/gcc/arm-none-eabi/14.2.0/../../../../arm-none-eabi/lib/thumb/v7e-m+fp/hard/crt0.o (__libc_fini_array)
/usr/lib/gcc/arm-none-eabi/14.2.0/../../../../arm-none-eabi/lib/thumb/v7e-m+fp/hard/libc_nano.a(libc_a-lock.o)
                              /usr/lib/gcc/arm-none-eabi/14.2.0/../../../../arm-none-eabi/lib/thumb/v7e-m+fp/hard/libc_nano.a(libc_a-findfp.o) (__retarget_lock_init_recursive)
/usr/lib/gcc/arm-none-eabi/14.2.0/../../../../arm-none-eabi/lib/thumb/v7e-m+fp/hard/libc_nano.a(libc_a-strlen.o)
                              build/debug/Core/Src/main.o (strlen)
/usr/lib/gcc/arm-none-eabi/14.2.0/../../../../arm-none-eabi/lib/thumb/v7e-m+fp/hard/libc_nano.a(libc_a-__atexit.o)
                              /usr/lib/gcc/arm-none-eabi/14.2.0/../../../../arm-none-eabi/lib/thumb/v7e-m+fp/hard/libc_nano.a(libc_a-atexit.o) (__register_exitproc)
/usr/lib/gcc/arm-none-eabi/14.2.0/../../../../arm-none-eabi/lib/thumb/v7e-m+fp/hard/libc_nano.a(libc_a-__call_atexit.o)
[...]
Memory Configuration

Name             Origin             Length             Attributes
RAM              0x20000000         0x00020000         xrw
FLASH            0x08000000         0x00080000         xr
*default*        0x00000000         0xffffffff

Linker script and memory map

LOAD /usr/lib/gcc/arm-none-eabi/14.2.0/thumb/v7e-m+fp/hard/crti.o
LOAD /usr/lib/gcc/arm-none-eabi/14.2.0/thumb/v7e-m+fp/hard/crtbegin.o
LOAD /usr/lib/gcc/arm-none-eabi/14.2.0/../../../../arm-none-eabi/lib/thumb/v7e-m+fp/hard/crt0.o
LOAD build/debug/Core/Src/dma.o
LOAD build/debug/Core/Src/gpio.o
LOAD build/debug/Core/Src/i2s.o
LOAD build/debug/Core/Src/main.o
LOAD build/debug/Core/Src/spi.o
LOAD build/debug/Core/Src/stm32f4xx_hal_msp.o
LOAD build/debug/Core/Src/stm32f4xx_it.o
LOAD build/debug/Core/Src/syscalls.o
LOAD build/debug/Core/Src/sysmem.o
LOAD build/debug/Core/Src/system_stm32f4xx.o
LOAD build/debug/Core/Src/usart.o
LOAD build/debug/Drivers/STM32F4xx_HAL_Driver/Src/stm32f4xx_hal.o
LOAD build/debug/Drivers/STM32F4xx_HAL_Driver/Src/stm32f4xx_hal_cortex.o
LOAD build/debug/Drivers/STM32F4xx_HAL_Driver/Src/stm32f4xx_hal_dma.o
LOAD build/debug/Drivers/STM32F4xx_HAL_Driver/Src/stm32f4xx_hal_dma_ex.o
LOAD build/debug/Drivers/STM32F4xx_HAL_Driver/Src/stm32f4xx_hal_exti.o
LOAD build/debug/Drivers/STM32F4xx_HAL_Driver/Src/stm32f4xx_hal_flash.o
LOAD build/debug/Drivers/STM32F4xx_HAL_Driver/Src/stm32f4xx_hal_flash_ex.o
LOAD build/debug/Drivers/STM32F4xx_HAL_Driver/Src/stm32f4xx_hal_flash_ramfunc.o
LOAD build/debug/Drivers/STM32F4xx_HAL_Driver/Src/stm32f4xx_hal_gpio.o
LOAD build/debug/Drivers/STM32F4xx_HAL_Driver/Src/stm32f4xx_hal_i2s.o
LOAD build/debug/Drivers/STM32F4xx_HAL_Driver/Src/stm32f4xx_hal_i2s_ex.o
LOAD build/debug/Drivers/STM32F4xx_HAL_Driver/Src/stm32f4xx_hal_pwr.o
LOAD build/debug/Drivers/STM32F4xx_HAL_Driver/Src/stm32f4xx_hal_pwr_ex.o
LOAD build/debug/Drivers/STM32F4xx_HAL_Driver/Src/stm32f4xx_hal_rcc.o
LOAD build/debug/Drivers/STM32F4xx_HAL_Driver/Src/stm32f4xx_hal_rcc_ex.o
LOAD build/debug/Drivers/STM32F4xx_HAL_Driver/Src/stm32f4xx_hal_spi.o
LOAD build/debug/Drivers/STM32F4xx_HAL_Driver/Src/stm32f4xx_hal_uart.o
LOAD build/debug/FATFS/App/fatfs.o
LOAD build/debug/FATFS/Target/user_diskio.o
LOAD build/debug/FATFS/Target/user_diskio_spi.o
LOAD build/debug/Middlewares/Third_Party/FatFs/src/diskio.o
LOAD build/debug/Middlewares/Third_Party/FatFs/src/ff.o
LOAD build/debug/Middlewares/Third_Party/FatFs/src/ff_gen_drv.o
LOAD build/debug/Middlewares/Third_Party/FatFs/src/option/ccsbcs.o
LOAD build/debug/Middlewares/Third_Party/FatFs/src/option/syscall.o
LOAD build/debug/startup_stm32f411xe.o
LOAD /usr/lib/gcc/arm-none-eabi/14.2.0/../../../../arm-none-eabi/lib/thumb/v7e-m+fp/hard/libc_nano.a
LOAD /usr/lib/gcc/arm-none-eabi/14.2.0/../../../../arm-none-eabi/lib/thumb/v7e-m+fp/hard/libm.a
LOAD /usr/lib/gcc/arm-none-eabi/14.2.0/../../../../arm-none-eabi/lib/thumb/v7e-m+fp/hard/libnosys.a
START GROUP
LOAD /usr/lib/gcc/arm-none-eabi/14.2.0/thumb/v7e-m+fp/hard/libgcc.a
LOAD /usr/lib/gcc/arm-none-eabi/14.2.0/../../../../arm-none-eabi/lib/thumb/v7e-m+fp/hard/libc_nano.a
END GROUP
START GROUP
LOAD /usr/lib/gcc/arm-none-eabi/14.2.0/thumb/v7e-m+fp/hard/libgcc.a
LOAD /usr/lib/gcc/arm-none-eabi/14.2.0/../../../../arm-none-eabi/lib/thumb/v7e-m+fp/hard/libc_nano.a
END GROUP
LOAD /usr/lib/gcc/arm-none-eabi/14.2.0/thumb/v7e-m+fp/hard/crtend.o
LOAD /usr/lib/gcc/arm-none-eabi/14.2.0/thumb/v7e-m+fp/hard/crtn.o
                0x20020000                        _estack = (ORIGIN (RAM) + LENGTH (RAM))
                0x00000200                        _Min_Heap_Size = 0x200
                0x00000400                        _Min_Stack_Size = 0x400

.isr_vector     0x08000000      0x198
                0x08000000                        . = ALIGN (0x4)
 *(.isr_vector)
 .isr_vector    0x08000000      0x198 build/debug/startup_stm32f411xe.o
                0x08000000                g_pfnVectors
                0x08000198                        . = ALIGN (0x4)

.text           0x080001a0     0x5a6c
                0x080001a0                        . = ALIGN (0x4)
 *(.text)
 .text          0x080001a0       0x10 /usr/lib/gcc/arm-none-eabi/14.2.0/../../../../arm-none-eabi/lib/thumb/v7e-m+fp/hard/libc_nano.a(libc_a-strlen.o)
                0x080001a0                strlen
 .text          0x080001b0       0xa0 /usr/lib/gcc/arm-none-eabi/14.2.0/../../../../arm-none-eabi/lib/thumb/v7e-m+fp/hard/libc_nano.a(libc_a-memchr.o)
                0x080001b0                memchr
 .text          0x08000250       0x30 /usr/lib/gcc/arm-none-eabi/14.2.0/thumb/v7e-m+fp/hard/libgcc.a(_aeabi_uldivmod.o)
                0x08000250                __aeabi_uldivmod
 .text          0x08000280        0x4 /usr/lib/gcc/arm-none-eabi/14.2.0/thumb/v7e-m+fp/hard/libgcc.a(_dvmd_tls.o)
                0x08000280                __aeabi_ldiv0
                0x08000280                __aeabi_idiv0
 *(.text*)
 .text.__do_global_dtors_aux
                0x08000284       0x24 /usr/lib/gcc/arm-none-eabi/14.2.0/thumb/v7e-m+fp/hard/crtbegin.o
 .text.frame_dummy
                0x080002a8       0x1c /usr/lib/gcc/arm-none-eabi/14.2.0/thumb/v7e-m+fp/hard/crtbegin.o
 .text.MX_DMA_Init
                0x080002c4       0x34 build/debug/Core/Src/dma.o
                0x080002c4                MX_DMA_Init
 .text.MX_GPIO_Init
                0x080002f8       0x6c build/debug/Core/Src/gpio.o
                0x080002f8                MX_GPIO_Init
 .text.MX_I2S1_Init
                0x08000364       0x38 build/debug/Core/Src/i2s.o
                0x08000364                MX_I2S1_Init
 .text.HAL_I2S_MspInit
                0x0800039c       0xfc build/debug/Core/Src/i2s.o
                0x0800039c                HAL_I2S_MspInit
 .text.myprintf
                0x08000498       0x40 build/debug/Core/Src/main.o
                0x08000498                myprintf
 .text.HAL_I2S_TxHalfCpltCallback
                0x080004d8        0xc build/debug/Core/Src/main.o
                0x080004d8                HAL_I2S_TxHalfCpltCallback
 .text.HAL_I2S_TxCpltCallback
                0x080004e4       0x1c build/debug/Core/Src/main.o
                0x080004e4                HAL_I2S_TxCpltCallback
 .text.Error_Handler
                0x08000500        0x4 build/debug/Core/Src/main.o
                0x08000500                Error_Handler
 .text.SystemClock_Config
                0x08000504       0xa0 build/debug/Core/Src/main.o
                0x08000504                SystemClock_Config
 .text.main     0x080005a4      0x154 build/debug/Core/Src/main.o
                0x080005a4                main
 .text.MX_SPI2_Init
                0x080006f8       0x44 build/debug/Core/Src/spi.o
                0x080006f8                MX_SPI2_Init
 .text.HAL_SPI_MspInit
                0x0800073c       0x94 build/debug/Core/Src/spi.o
                0x0800073c                HAL_SPI_MspInit
 .text.HAL_MspInit
                0x080007d0       0x38 build/debug/Core/Src/stm32f4xx_hal_msp.o
                0x080007d0                HAL_MspInit
 .text.NMI_Handler
                0x08000808        0x2 build/debug/Core/Src/stm32f4xx_it.o
                0x08000808                NMI_Handler
 .text.HardFault_Handler
                0x0800080a        0x2 build/debug/Core/Src/stm32f4xx_it.o
                0x0800080a                HardFault_Handler
 .text.MemManage_Handler
                0x0800080c        0x2 build/debug/Core/Src/stm32f4xx_it.o
                0x0800080c                MemManage_Handler
 .text.BusFault_Handler
                0x0800080e        0x2 build/debug/Core/Src/stm32f4xx_it.o
                0x0800080e                BusFault_Handler
 .text.UsageFault_Handler
                0x08000810        0x2 build/debug/Core/Src/stm32f4xx_it.o
                0x08000810                UsageFault_Handler
 .text.SVC_Handler
                0x08000812        0x2 build/debug/Core/Src/stm32f4xx_it.o
                0x08000812                SVC_Handler
 .text.DebugMon_Handler
                0x08000814        0x2 build/debug/Core/Src/stm32f4xx_it.o
                0x08000814                DebugMon_Handler
 .text.PendSV_Handler
                0x08000816        0x2 build/debug/Core/Src/stm32f4xx_it.o
                0x08000816                PendSV_Handler
 .text.SysTick_Handler
                0x08000818        0x8 build/debug/Core/Src/stm32f4xx_it.o
                0x08000818                SysTick_Handler
 .text.SPI1_IRQHandler
                0x08000820       0x10 build/debug/Core/Src/stm32f4xx_it.o
                0x08000820                SPI1_IRQHandler
 .text.DMA2_Stream3_IRQHandler
                0x08000830       0x10 build/debug/Core/Src/stm32f4xx_it.o
                0x08000830                DMA2_Stream3_IRQHandler
 .text._sbrk    0x08000840       0x48 build/debug/Core/Src/sysmem.o
                0x08000840                _sbrk
 .text.SystemInit
                0x08000888       0x14 build/debug/Core/Src/system_stm32f4xx.o
                0x08000888                SystemInit
 .text.MX_USART2_UART_Init
                0x0800089c       0x34 build/debug/Core/Src/usart.o
                0x0800089c                MX_USART2_UART_Init
 .text.HAL_UART_MspInit
                0x080008d0       0x70 build/debug/Core/Src/usart.o
                0x080008d0                HAL_UART_MspInit
 .text.HAL_InitTick
                0x08000940       0x4c build/debug/Drivers/STM32F4xx_HAL_Driver/Src/stm32f4xx_hal.o
                0x08000940                HAL_InitTick
 .text.HAL_Init
                0x0800098c       0x34 build/debug/Drivers/STM32F4xx_HAL_Driver/Src/stm32f4xx_hal.o
                0x0800098c                HAL_Init
 .text.HAL_IncTick
                0x080009c0       0x18 build/debug/Drivers/STM32F4xx_HAL_Driver/Src/stm32f4xx_hal.o
                0x080009c0                HAL_IncTick
 .text.HAL_GetTick
                0x080009d8        0xc build/debug/Drivers/STM32F4xx_HAL_Driver/Src/stm32f4xx_hal.o
                0x080009d8                HAL_GetTick
 .text.HAL_Delay
                0x080009e4       0x28 build/debug/Drivers/STM32F4xx_HAL_Driver/Src/stm32f4xx_hal.o
                0x080009e4                HAL_Delay
 .text.__NVIC_EnableIRQ
                0x08000a0c       0x1c build/debug/Drivers/STM32F4xx_HAL_Driver/Src/stm32f4xx_hal_cortex.o
 .text.__NVIC_SetPriority
                0x08000a28       0x28 build/debug/Drivers/STM32F4xx_HAL_Driver/Src/stm32f4xx_hal_cortex.o
 .text.NVIC_EncodePriority
                0x08000a50       0x3e build/debug/Drivers/STM32F4xx_HAL_Driver/Src/stm32f4xx_hal_cortex.o
 *fill*         0x08000a8e        0x2 
 .text.HAL_NVIC_SetPriorityGrouping
                0x08000a90       0x24 build/debug/Drivers/STM32F4xx_HAL_Driver/Src/stm32f4xx_hal_cortex.o
                0x08000a90                HAL_NVIC_SetPriorityGrouping
 .text.HAL_NVIC_SetPriority
                0x08000ab4       0x20 build/debug/Drivers/STM32F4xx_HAL_Driver/Src/stm32f4xx_hal_cortex.o
                0x08000ab4                HAL_NVIC_SetPriority
 .text.HAL_NVIC_EnableIRQ
                0x08000ad4        0x8 build/debug/Drivers/STM32F4xx_HAL_Driver/Src/stm32f4xx_hal_cortex.o
                0x08000ad4                HAL_NVIC_EnableIRQ
 .text.HAL_SYSTICK_Config
                0x08000adc       0x28 build/debug/Drivers/STM32F4xx_HAL_Driver/Src/stm32f4xx_hal_cortex.o
                0x08000adc                HAL_SYSTICK_Config
 .text.DMA_SetConfig
                0x08000b04       0x2c build/debug/Drivers/STM32F4xx_HAL_Driver/Src/stm32f4xx_hal_dma.o
 .text.DMA_CalcBaseAndBitshift
                0x08000b30       0x3c build/debug/Drivers/STM32F4xx_HAL_Driver/Src/stm32f4xx_hal_dma.o
 .text.DMA_CheckFifoParam
                0x08000b6c       0x8e build/debug/Drivers/STM32F4xx_HAL_Driver/Src/stm32f4xx_hal_dma.o
 *fill*         0x08000bfa        0x2 
 .text.HAL_DMA_Init
                0x08000bfc       0xcc build/debug/Drivers/STM32F4xx_HAL_Driver/Src/stm32f4xx_hal_dma.o
                0x08000bfc                HAL_DMA_Init
 .text.HAL_DMA_Start_IT
                0x08000cc8       0x68 build/debug/Drivers/STM32F4xx_HAL_Driver/Src/stm32f4xx_hal_dma.o
                0x08000cc8                HAL_DMA_Start_IT
 .text.HAL_DMA_Abort
                0x08000d30       0x92 build/debug/Drivers/STM32F4xx_HAL_Driver/Src/stm32f4xx_hal_dma.o
                0x08000d30                HAL_DMA_Abort
 *fill*         0x08000dc2        0x2 
 .text.HAL_DMA_IRQHandler
                0x08000dc4      0x1dc build/debug/Drivers/STM32F4xx_HAL_Driver/Src/stm32f4xx_hal_dma.o
                0x08000dc4                HAL_DMA_IRQHandler
 .text.HAL_GPIO_Init
                0x08000fa0      0x1c8 build/debug/Drivers/STM32F4xx_HAL_Driver/Src/stm32f4xx_hal_gpio.o
                0x08000fa0                HAL_GPIO_Init
 .text.HAL_GPIO_WritePin
                0x08001168        0xc build/debug/Drivers/STM32F4xx_HAL_Driver/Src/stm32f4xx_hal_gpio.o
                0x08001168                HAL_GPIO_WritePin
 .text.I2S_WaitFlagStateUntilTimeout
                0x08001174       0x50 build/debug/Drivers/STM32F4xx_HAL_Driver/Src/stm32f4xx_hal_i2s.o
 .text.HAL_I2S_Init
                0x080011c4      0x19c build/debug/Drivers/STM32F4xx_HAL_Driver/Src/stm32f4xx_hal_i2s.o
                0x080011c4                HAL_I2S_Init
 .text.HAL_I2S_Transmit_DMA
                0x08001360       0xd4 build/debug/Drivers/STM32F4xx_HAL_Driver/Src/stm32f4xx_hal_i2s.o
                0x08001360                HAL_I2S_Transmit_DMA
 .text.HAL_I2S_DMAStop
                0x08001434      0x240 build/debug/Drivers/STM32F4xx_HAL_Driver/Src/stm32f4xx_hal_i2s.o
                0x08001434                HAL_I2S_DMAStop
 .text.HAL_I2S_IRQHandler
                0x08001674        0x8 build/debug/Drivers/STM32F4xx_HAL_Driver/Src/stm32f4xx_hal_i2s.o
                0x08001674                HAL_I2S_IRQHandler
 .text.I2S_DMATxHalfCplt
                0x0800167c        0xa build/debug/Drivers/STM32F4xx_HAL_Driver/Src/stm32f4xx_hal_i2s.o
 .text.I2S_Transmit_IT
                0x08001686       0x38 build/debug/Drivers/STM32F4xx_HAL_Driver/Src/stm32f4xx_hal_i2s.o
 .text.I2S_DMATxCplt
                0x080016be       0x24 build/debug/Drivers/STM32F4xx_HAL_Driver/Src/stm32f4xx_hal_i2s.o
 .text.HAL_I2S_RxCpltCallback
                0x080016e2        0x2 build/debug/Drivers/STM32F4xx_HAL_Driver/Src/stm32f4xx_hal_i2s.o
                0x080016e2                HAL_I2S_RxCpltCallback
 .text.I2S_Receive_IT
                0x080016e4       0x38 build/debug/Drivers/STM32F4xx_HAL_Driver/Src/stm32f4xx_hal_i2s.o
 .text.HAL_I2S_ErrorCallback
                0x0800171c        0x2 build/debug/Drivers/STM32F4xx_HAL_Driver/Src/stm32f4xx_hal_i2s.o
                0x0800171c                HAL_I2S_ErrorCallback
 .text.I2S_IRQHandler
                0x0800171e       0xcc build/debug/Drivers/STM32F4xx_HAL_Driver/Src/stm32f4xx_hal_i2s.o
 .text.I2S_DMAError
                0x080017ea       0x28 build/debug/Drivers/STM32F4xx_HAL_Driver/Src/stm32f4xx_hal_i2s.o
 .text.HAL_I2SEx_TxRxCpltCallback
                0x08001812        0x2 build/debug/Drivers/STM32F4xx_HAL_Driver/Src/stm32f4xx_hal_i2s_ex.o
                0x08001812                HAL_I2SEx_TxRxCpltCallback
 .text.I2SEx_TxISR_I2S
                0x08001814       0x3c build/debug/Drivers/STM32F4xx_HAL_Driver/Src/stm32f4xx_hal_i2s_ex.o
 .text.I2SEx_RxISR_I2SExt
                0x08001850       0x64 build/debug/Drivers/STM32F4xx_HAL_Driver/Src/stm32f4xx_hal_i2s_ex.o
 .text.I2SEx_TxISR_I2SExt
                0x080018b4       0x64 build/debug/Drivers/STM32F4xx_HAL_Driver/Src/stm32f4xx_hal_i2s_ex.o
 .text.I2SEx_RxISR_I2S
                0x08001918       0x3c build/debug/Drivers/STM32F4xx_HAL_Driver/Src/stm32f4xx_hal_i2s_ex.o
 .text.HAL_I2SEx_FullDuplex_IRQHandler
                0x08001954      0x1d8 build/debug/Drivers/STM32F4xx_HAL_Driver/Src/stm32f4xx_hal_i2s_ex.o
                0x08001954                HAL_I2SEx_FullDuplex_IRQHandler
 .text.HAL_RCC_OscConfig
                0x08001b2c      0x3f8 build/debug/Drivers/STM32F4xx_HAL_Driver/Src/stm32f4xx_hal_rcc.o
                0x08001b2c                HAL_RCC_OscConfig
 .text.HAL_RCC_GetSysClockFreq
                0x08001f24       0xa8 build/debug/Drivers/STM32F4xx_HAL_Driver/Src/stm32f4xx_hal_rcc.o
                0x08001f24                HAL_RCC_GetSysClockFreq
 .text.HAL_RCC_ClockConfig
                0x08001fcc      0x160 build/debug/Drivers/STM32F4xx_HAL_Driver/Src/stm32f4xx_hal_rcc.o
                0x08001fcc                HAL_RCC_ClockConfig
 .text.HAL_RCC_GetHCLKFreq
                0x0800212c        0xc build/debug/Drivers/STM32F4xx_HAL_Driver/Src/stm32f4xx_hal_rcc.o
                0x0800212c                HAL_RCC_GetHCLKFreq
 .text.HAL_RCC_GetPCLK1Freq
                0x08002138       0x20 build/debug/Drivers/STM32F4xx_HAL_Driver/Src/stm32f4xx_hal_rcc.o
                0x08002138                HAL_RCC_GetPCLK1Freq
 .text.HAL_RCC_GetPCLK2Freq
                0x08002158       0x20 build/debug/Drivers/STM32F4xx_HAL_Driver/Src/stm32f4xx_hal_rcc.o
                0x08002158                HAL_RCC_GetPCLK2Freq
 .text.HAL_RCCEx_PeriphCLKConfig
                0x08002178      0x170 build/debug/Drivers/STM32F4xx_HAL_Driver/Src/stm32f4xx_hal_rcc_ex.o
                0x08002178                HAL_RCCEx_PeriphCLKConfig
 .text.HAL_RCCEx_GetPeriphCLKFreq
                0x080022e8       0x74 build/debug/Drivers/STM32F4xx_HAL_Driver/Src/stm32f4xx_hal_rcc_ex.o
                0x080022e8                HAL_RCCEx_GetPeriphCLKFreq
 .text.SPI_WaitFlagStateUntilTimeout
                0x0800235c       0xc8 build/debug/Drivers/STM32F4xx_HAL_Driver/Src/stm32f4xx_hal_spi.o
 .text.SPI_EndRxTxTransaction
                0x08002424       0x80 build/debug/Drivers/STM32F4xx_HAL_Driver/Src/stm32f4xx_hal_spi.o
 .text.HAL_SPI_Init
                0x080024a4       0xbe build/debug/Drivers/STM32F4xx_HAL_Driver/Src/stm32f4xx_hal_spi.o
                0x080024a4                HAL_SPI_Init
 .text.HAL_SPI_Transmit
                0x08002562      0x1c4 build/debug/Drivers/STM32F4xx_HAL_Driver/Src/stm32f4xx_hal_spi.o
                0x08002562                HAL_SPI_Transmit
 .text.HAL_SPI_TransmitReceive
                0x08002726      0x252 build/debug/Drivers/STM32F4xx_HAL_Driver/Src/stm32f4xx_hal_spi.o
                0x08002726                HAL_SPI_TransmitReceive
 .text.UART_EndRxTransfer
                0x08002978       0x5c build/debug/Drivers/STM32F4xx_HAL_Driver/Src/stm32f4xx_hal_uart.o
 .text.UART_SetConfig
                0x080029d4      0x110 build/debug/Drivers/STM32F4xx_HAL_Driver/Src/stm32f4xx_hal_uart.o
 .text.UART_WaitOnFlagUntilTimeout
                0x08002ae4       0x86 build/debug/Drivers/STM32F4xx_HAL_Driver/Src/stm32f4xx_hal_uart.o
 .text.HAL_UART_Init
                0x08002b6a       0x60 build/debug/Drivers/STM32F4xx_HAL_Driver/Src/stm32f4xx_hal_uart.o
                0x08002b6a                HAL_UART_Init
 .text.HAL_UART_Transmit
                0x08002bca       0xca build/debug/Drivers/STM32F4xx_HAL_Driver/Src/stm32f4xx_hal_uart.o
                0x08002bca                HAL_UART_Transmit
 .text.MX_FATFS_Init
                0x08002c94       0x1c build/debug/FATFS/App/fatfs.o
                0x08002c94                MX_FATFS_Init
 .text.get_fattime
                0x08002cb0        0x4 build/debug/FATFS/App/fatfs.o
                0x08002cb0                get_fattime
 .text.USER_initialize
                0x08002cb4        0x8 build/debug/FATFS/Target/user_diskio.o
                0x08002cb4                USER_initialize
 .text.USER_status
                0x08002cbc        0x8 build/debug/FATFS/Target/user_diskio.o
                0x08002cbc                USER_status
 .text.USER_read
                0x08002cc4        0x8 build/debug/FATFS/Target/user_diskio.o
                0x08002cc4                USER_read
 .text.USER_write
                0x08002ccc        0x8 build/debug/FATFS/Target/user_diskio.o
                0x08002ccc                USER_write
 .text.USER_ioctl
                0x08002cd4        0x8 build/debug/FATFS/Target/user_diskio.o
                0x08002cd4                USER_ioctl
 .text.xchg_spi
                0x08002cdc       0x2c build/debug/FATFS/Target/user_diskio_spi.o
 .text.wait_ready
                0x08002d08       0x2a build/debug/FATFS/Target/user_diskio_spi.o
 .text.rcvr_spi_multi
                0x08002d32       0x1a build/debug/FATFS/Target/user_diskio_spi.o
 .text.despiselect
                0x08002d4c       0x1c build/debug/FATFS/Target/user_diskio_spi.o
 .text.spiselect
                0x08002d68       0x30 build/debug/FATFS/Target/user_diskio_spi.o
 .text.send_cmd
                0x08002d98       0x8c build/debug/FATFS/Target/user_diskio_spi.o
 .text.xmit_spi_multi
                0x08002e24       0x18 build/debug/FATFS/Target/user_diskio_spi.o
 .text.xmit_datablock
                0x08002e3c       0x4c build/debug/FATFS/Target/user_diskio_spi.o
 .text.SPI_Timer_On
                0x08002e88       0x1c build/debug/FATFS/Target/user_diskio_spi.o
                0x08002e88                SPI_Timer_On
 .text.SPI_Timer_Status
                0x08002ea4       0x24 build/debug/FATFS/Target/user_diskio_spi.o
                0x08002ea4                SPI_Timer_Status
 .text.rcvr_datablock
                0x08002ec8       0x40 build/debug/FATFS/Target/user_diskio_spi.o
 .text.USER_SPI_initialize
                0x08002f08      0x170 build/debug/FATFS/Target/user_diskio_spi.o
                0x08002f08                USER_SPI_initialize
 .text.USER_SPI_status
                0x08003078       0x14 build/debug/FATFS/Target/user_diskio_spi.o
                0x08003078                USER_SPI_status
 .text.USER_SPI_read
                0x0800308c       0x8c build/debug/FATFS/Target/user_diskio_spi.o
                0x0800308c                USER_SPI_read
 .text.USER_SPI_write
                0x08003118       0xb0 build/debug/FATFS/Target/user_diskio_spi.o
                0x08003118                USER_SPI_write
 .text.USER_SPI_ioctl
                0x080031c8      0x224 build/debug/FATFS/Target/user_diskio_spi.o
                0x080031c8                USER_SPI_ioctl
 .text.disk_status
                0x080033ec       0x18 build/debug/Middlewares/Third_Party/FatFs/src/diskio.o
                0x080033ec                disk_status
 .text.disk_initialize
                0x08003404       0x2c build/debug/Middlewares/Third_Party/FatFs/src/diskio.o
                0x08003404                disk_initialize
 .text.disk_read
                0x08003430       0x18 build/debug/Middlewares/Third_Party/FatFs/src/diskio.o
                0x08003430                disk_read
 .text.disk_write
                0x08003448       0x18 build/debug/Middlewares/Third_Party/FatFs/src/diskio.o
                0x08003448                disk_write
 .text.ld_word  0x08003460        0xa build/debug/Middlewares/Third_Party/FatFs/src/ff.o
 .text.ld_dword
                0x0800346a       0x16 build/debug/Middlewares/Third_Party/FatFs/src/ff.o
 .text.st_word  0x08003480        0x8 build/debug/Middlewares/Third_Party/FatFs/src/ff.o
 .text.st_dword
                0x08003488       0x14 build/debug/Middlewares/Third_Party/FatFs/src/ff.o
 .text.mem_cpy  0x0800349c       0x14 build/debug/Middlewares/Third_Party/FatFs/src/ff.o
 .text.mem_set  0x080034b0        0xa build/debug/Middlewares/Third_Party/FatFs/src/ff.o
 .text.mem_cmp  0x080034ba       0x1a build/debug/Middlewares/Third_Party/FatFs/src/ff.o
 .text.chk_chr  0x080034d4       0x10 build/debug/Middlewares/Third_Party/FatFs/src/ff.o
 .text.chk_lock
                0x080034e4       0x74 build/debug/Middlewares/Third_Party/FatFs/src/ff.o
 .text.enq_lock
                0x08003558       0x20 build/debug/Middlewares/Third_Party/FatFs/src/ff.o
 .text.inc_lock
                0x08003578       0xa0 build/debug/Middlewares/Third_Party/FatFs/src/ff.o
 .text.clear_lock
                0x08003618       0x3c build/debug/Middlewares/Third_Party/FatFs/src/ff.o
 .text.clust2sect
                0x08003654       0x18 build/debug/Middlewares/Third_Party/FatFs/src/ff.o
 .text.clmt_clust
                0x0800366c       0x22 build/debug/Middlewares/Third_Party/FatFs/src/ff.o
 .text.ld_clust
                0x0800368e       0x26 build/debug/Middlewares/Third_Party/FatFs/src/ff.o
 .text.st_clust
                0x080036b4       0x26 build/debug/Middlewares/Third_Party/FatFs/src/ff.o
 *fill*         0x080036da        0x2 
 .text.put_lfn  0x080036dc       0x78 build/debug/Middlewares/Third_Party/FatFs/src/ff.o
 .text.gen_numname
                0x08003754       0xaa build/debug/Middlewares/Third_Party/FatFs/src/ff.o
 .text.sum_sfn  0x080037fe       0x20 build/debug/Middlewares/Third_Party/FatFs/src/ff.o
 .text.get_ldnumber
                0x0800381e       0x4e build/debug/Middlewares/Third_Party/FatFs/src/ff.o
 .text.validate
                0x0800386c       0x46 build/debug/Middlewares/Third_Party/FatFs/src/ff.o
 .text.sync_window
                0x080038b2       0x54 build/debug/Middlewares/Third_Party/FatFs/src/ff.o
 .text.move_window
                0x08003906       0x36 build/debug/Middlewares/Third_Party/FatFs/src/ff.o
 .text.check_fs
                0x0800393c       0x78 build/debug/Middlewares/Third_Party/FatFs/src/ff.o
 .text.find_volume
                0x080039b4      0x308 build/debug/Middlewares/Third_Party/FatFs/src/ff.o
 .text.put_fat  0x08003cbc      0x104 build/debug/Middlewares/Third_Party/FatFs/src/ff.o
 .text.get_fat  0x08003dc0       0xd0 build/debug/Middlewares/Third_Party/FatFs/src/ff.o
 .text.dir_sdi  0x08003e90       0xac build/debug/Middlewares/Third_Party/FatFs/src/ff.o
 .text.create_chain
                0x08003f3c       0xcc build/debug/Middlewares/Third_Party/FatFs/src/ff.o
 .text.remove_chain
                0x08004008       0x7e build/debug/Middlewares/Third_Party/FatFs/src/ff.o
 .text.dir_next
                0x08004086      0x108 build/debug/Middlewares/Third_Party/FatFs/src/ff.o
 .text.dir_alloc
                0x0800418e       0x50 build/debug/Middlewares/Third_Party/FatFs/src/ff.o
 *fill*         0x080041de        0x2 
 .text.create_name
                0x080041e0      0x22c build/debug/Middlewares/Third_Party/FatFs/src/ff.o
 .text.cmp_lfn  0x0800440c       0xa0 build/debug/Middlewares/Third_Party/FatFs/src/ff.o
 .text.dir_find
                0x080044ac       0xe6 build/debug/Middlewares/Third_Party/FatFs/src/ff.o
 .text.follow_path
                0x08004592       0x8c build/debug/Middlewares/Third_Party/FatFs/src/ff.o
 *fill*         0x0800461e        0x2 
 .text.dir_register
                0x08004620      0x140 build/debug/Middlewares/Third_Party/FatFs/src/ff.o
 .text.f_mount  0x08004760       0x5c build/debug/Middlewares/Third_Party/FatFs/src/ff.o
                0x08004760                f_mount
 .text.f_open   0x080047bc      0x226 build/debug/Middlewares/Third_Party/FatFs/src/ff.o
                0x080047bc                f_open
 .text.f_read   0x080049e2      0x1c2 build/debug/Middlewares/Third_Party/FatFs/src/ff.o
                0x080049e2                f_read
 .text.f_lseek  0x08004ba4      0x288 build/debug/Middlewares/Third_Party/FatFs/src/ff.o
                0x08004ba4                f_lseek
 .text.FATFS_LinkDriverEx
                0x08004e2c       0x54 build/debug/Middlewares/Third_Party/FatFs/src/ff_gen_drv.o
                0x08004e2c                FATFS_LinkDriverEx
 .text.FATFS_LinkDriver
                0x08004e80        0xa build/debug/Middlewares/Third_Party/FatFs/src/ff_gen_drv.o
                0x08004e80                FATFS_LinkDriver
 *fill*         0x08004e8a        0x2 
 .text.ff_convert
                0x08004e8c       0x3c build/debug/Middlewares/Third_Party/FatFs/src/option/ccsbcs.o
                0x08004e8c                ff_convert
 .text.ff_wtoupper
                0x08004ec8       0x9c build/debug/Middlewares/Third_Party/FatFs/src/option/ccsbcs.o
                0x08004ec8                ff_wtoupper
 .text.Reset_Handler
                0x08004f64       0x50 build/debug/startup_stm32f411xe.o
                0x08004f64                Reset_Handler
 .text.Default_Handler
                0x08004fb4        0x2 build/debug/startup_stm32f411xe.o
                0x08004fb4                RTC_Alarm_IRQHandler
                0x08004fb4                EXTI2_IRQHandler
                0x08004fb4                SPI4_IRQHandler
                0x08004fb4                TIM1_CC_IRQHandler
                0x08004fb4                DMA2_Stream5_IRQHandler
                0x08004fb4                DMA1_Stream5_IRQHandler
                0x08004fb4                PVD_IRQHandler
                0x08004fb4                SDIO_IRQHandler
                0x08004fb4                TAMP_STAMP_IRQHandler
                0x08004fb4                EXTI3_IRQHandler
                0x08004fb4                TIM1_UP_TIM10_IRQHandler
                0x08004fb4                I2C3_ER_IRQHandler
                0x08004fb4                EXTI0_IRQHandler
                0x08004fb4                I2C2_EV_IRQHandler
                0x08004fb4                DMA1_Stream2_IRQHandler
                0x08004fb4                FPU_IRQHandler
                0x08004fb4                DMA2_Stream2_IRQHandler
                0x08004fb4                TIM1_BRK_TIM9_IRQHandler
                0x08004fb4                USART6_IRQHandler
                0x08004fb4                DMA2_Stream0_IRQHandler
                0x08004fb4                TIM4_IRQHandler
                0x08004fb4                I2C1_EV_IRQHandler
                0x08004fb4                DMA1_Stream6_IRQHandler
                0x08004fb4                DMA1_Stream1_IRQHandler
                0x08004fb4                TIM3_IRQHandler
                0x08004fb4                RCC_IRQHandler
                0x08004fb4                Default_Handler
                0x08004fb4                EXTI15_10_IRQHandler
                0x08004fb4                ADC_IRQHandler
                0x08004fb4                DMA1_Stream7_IRQHandler
                0x08004fb4                SPI5_IRQHandler
                0x08004fb4                TIM5_IRQHandler
                0x08004fb4                DMA2_Stream7_IRQHandler
                0x08004fb4                I2C3_EV_IRQHandler
                0x08004fb4                EXTI9_5_IRQHandler
                0x08004fb4                RTC_WKUP_IRQHandler
                0x08004fb4                SPI2_IRQHandler
                0x08004fb4                DMA1_Stream0_IRQHandler
                0x08004fb4                EXTI4_IRQHandler
                0x08004fb4                WWDG_IRQHandler
                0x08004fb4                TIM2_IRQHandler
                0x08004fb4                OTG_FS_WKUP_IRQHandler
                0x08004fb4                TIM1_TRG_COM_TIM11_IRQHandler
                0x08004fb4                EXTI1_IRQHandler
                0x08004fb4                USART2_IRQHandler
                0x08004fb4                I2C2_ER_IRQHandler
                0x08004fb4                DMA2_Stream1_IRQHandler
                0x08004fb4                FLASH_IRQHandler
                0x08004fb4                DMA2_Stream4_IRQHandler
                0x08004fb4                USART1_IRQHandler
                0x08004fb4                OTG_FS_IRQHandler
                0x08004fb4                SPI3_IRQHandler
                0x08004fb4                DMA1_Stream4_IRQHandler
                0x08004fb4                I2C1_ER_IRQHandler
                0x08004fb4                DMA2_Stream6_IRQHandler
                0x08004fb4                DMA1_Stream3_IRQHandler
 .text._vsnprintf_r
                0x08004fb6       0x5c /usr/lib/gcc/arm-none-eabi/14.2.0/../../../../arm-none-eabi/lib/thumb/v7e-m+fp/hard/libc_nano.a(libc_a-vsnprintf.o)
                0x08004fb6                _vsnprintf_r
                0x08004fb6                _vsniprintf_r
 *fill*         0x08005012        0x2 
 .text.vsnprintf
                0x08005014       0x1c /usr/lib/gcc/arm-none-eabi/14.2.0/../../../../arm-none-eabi/lib/thumb/v7e-m+fp/hard/libc_nano.a(libc_a-vsnprintf.o)
                0x08005014                vsnprintf
                0x08005014                vsniprintf
 .text.memset   0x08005030       0x10 /usr/lib/gcc/arm-none-eabi/14.2.0/../../../../arm-none-eabi/lib/thumb/v7e-m+fp/hard/libc_nano.a(libc_a-memset.o)
                0x08005030                memset
 .text.__errno  0x08005040        0xc /usr/lib/gcc/arm-none-eabi/14.2.0/../../../../arm-none-eabi/lib/thumb/v7e-m+fp/hard/libc_nano.a(libc_a-errno.o)
                0x08005040                __errno
 .text.__libc_init_array
                0x0800504c       0x48 /usr/lib/gcc/arm-none-eabi/14.2.0/../../../../arm-none-eabi/lib/thumb/v7e-m+fp/hard/libc_nano.a(libc_a-init.o)
                0x0800504c                __libc_init_array
 .text.__retarget_lock_acquire_recursive
                0x08005094        0x2 /usr/lib/gcc/arm-none-eabi/14.2.0/../../../../arm-none-eabi/lib/thumb/v7e-m+fp/hard/libc_nano.a(libc_a-lock.o)
                0x08005094                __retarget_lock_acquire_recursive
 .text.__retarget_lock_release_recursive
                0x08005096        0x2 /usr/lib/gcc/arm-none-eabi/14.2.0/../../../../arm-none-eabi/lib/thumb/v7e-m+fp/hard/libc_nano.a(libc_a-lock.o)
                0x08005096                __retarget_lock_release_recursive
 .text._free_r  0x08005098       0x94 /usr/lib/gcc/arm-none-eabi/14.2.0/../../../../arm-none-eabi/lib/thumb/v7e-m+fp/hard/libc_nano.a(libc_a-freer.o)
                0x08005098                _free_r
 .text.sbrk_aligned
                0x0800512c       0x44 /usr/lib/gcc/arm-none-eabi/14.2.0/../../../../arm-none-eabi/lib/thumb/v7e-m+fp/hard/libc_nano.a(libc_a-mallocr.o)
 .text._malloc_r
                0x08005170      0x100 /usr/lib/gcc/arm-none-eabi/14.2.0/../../../../arm-none-eabi/lib/thumb/v7e-m+fp/hard/libc_nano.a(libc_a-mallocr.o)
                0x08005170                _malloc_r
 .text.__malloc_lock
                0x08005270        0xc /usr/lib/gcc/arm-none-eabi/14.2.0/../../../../arm-none-eabi/lib/thumb/v7e-m+fp/hard/libc_nano.a(libc_a-mlock.o)
                0x08005270                __malloc_lock
 .text.__malloc_unlock
                0x0800527c        0xc /usr/lib/gcc/arm-none-eabi/14.2.0/../../../../arm-none-eabi/lib/thumb/v7e-m+fp/hard/libc_nano.a(libc_a-mlock.o)
                0x0800527c                __malloc_unlock
 .text.__ssputs_r
                0x08005288       0xc0 /usr/lib/gcc/arm-none-eabi/14.2.0/../../../../arm-none-eabi/lib/thumb/v7e-m+fp/hard/libc_nano.a(libc_a-nano-svfprintf.o)
                0x08005288                __ssputs_r
 .text._svfprintf_r
                0x08005348      0x1f8 /usr/lib/gcc/arm-none-eabi/14.2.0/../../../../arm-none-eabi/lib/thumb/v7e-m+fp/hard/libc_nano.a(libc_a-nano-svfprintf.o)
                0x08005348                _svfprintf_r
                0x08005348                _svfiprintf_r
 .text._printf_common
                0x08005540       0xda /usr/lib/gcc/arm-none-eabi/14.2.0/../../../../arm-none-eabi/lib/thumb/v7e-m+fp/hard/libc_nano.a(libc_a-nano-vfprintf_i.o)
                0x08005540                _printf_common
 *fill*         0x0800561a        0x2 
 .text._printf_i
                0x0800561c      0x240 /usr/lib/gcc/arm-none-eabi/14.2.0/../../../../arm-none-eabi/lib/thumb/v7e-m+fp/hard/libc_nano.a(libc_a-nano-vfprintf_i.o)
                0x0800561c                _printf_i
 .text.memmove  0x0800585c       0x32 /usr/lib/gcc/arm-none-eabi/14.2.0/../../../../arm-none-eabi/lib/thumb/v7e-m+fp/hard/libc_nano.a(libc_a-memmove.o)
                0x0800585c                memmove
 *fill*         0x0800588e        0x2 
 .text._sbrk_r  0x08005890       0x20 /usr/lib/gcc/arm-none-eabi/14.2.0/../../../../arm-none-eabi/lib/thumb/v7e-m+fp/hard/libc_nano.a(libc_a-sbrkr.o)
                0x08005890                _sbrk_r
 .text.memcpy   0x080058b0       0x1c /usr/lib/gcc/arm-none-eabi/14.2.0/../../../../arm-none-eabi/lib/thumb/v7e-m+fp/hard/libc_nano.a(libc_a-memcpy-stub.o)
                0x080058b0                memcpy
 .text._realloc_r
                0x080058cc       0x5c /usr/lib/gcc/arm-none-eabi/14.2.0/../../../../arm-none-eabi/lib/thumb/v7e-m+fp/hard/libc_nano.a(libc_a-reallocr.o)
                0x080058cc                _realloc_r
 .text._malloc_usable_size_r
                0x08005928       0x10 /usr/lib/gcc/arm-none-eabi/14.2.0/../../../../arm-none-eabi/lib/thumb/v7e-m+fp/hard/libc_nano.a(libc_a-msizer.o)
                0x08005928                _malloc_usable_size_r
 .text.__udivmoddi4
                0x08005938      0x2bc /usr/lib/gcc/arm-none-eabi/14.2.0/thumb/v7e-m+fp/hard/libgcc.a(_udivmoddi4.o)
                0x08005938                __udivmoddi4
 *(.glue_7)
 .glue_7        0x08005bf4        0x0 linker stubs
 *(.glue_7t)
 .glue_7t       0x08005bf4        0x0 linker stubs
 *(.eh_frame)
 .eh_frame      0x08005bf4        0x0 /usr/lib/gcc/arm-none-eabi/14.2.0/thumb/v7e-m+fp/hard/crtbegin.o
 *(.init)
 .init          0x08005bf4        0x4 /usr/lib/gcc/arm-none-eabi/14.2.0/thumb/v7e-m+fp/hard/crti.o
                0x08005bf4                _init
 .init          0x08005bf8        0x8 /usr/lib/gcc/arm-none-eabi/14.2.0/thumb/v7e-m+fp/hard/crtn.o
 *(.fini)
 .fini          0x08005c00        0x4 /usr/lib/gcc/arm-none-eabi/14.2.0/thumb/v7e-m+fp/hard/crti.o
                0x08005c00                _fini
 .fini          0x08005c04        0x8 /usr/lib/gcc/arm-none-eabi/14.2.0/thumb/v7e-m+fp/hard/crtn.o
                0x08005c0c                        . = ALIGN (0x4)
                0x08005c0c                        _etext = .

.vfp11_veneer   0x08005c0c        0x0
 .vfp11_veneer  0x08005c0c        0x0 linker stubs

.v4_bx          0x08005c0c        0x0
 .v4_bx         0x08005c0c        0x0 linker stubs

.iplt           0x08005c0c        0x0
 .iplt          0x08005c0c        0x0 /usr/lib/gcc/arm-none-eabi/14.2.0/thumb/v7e-m+fp/hard/crtbegin.o

.rodata         0x08005c0c      0x520
                0x08005c0c                        . = ALIGN (0x4)
 *(.rodata)
 *(.rodata*)
 .rodata.main.str1.4
                0x08005c0c       0x8b build/debug/Core/Src/main.o
                                 0x79 (size before relaxing)
 *fill*         0x08005c97        0x1 
 .rodata.APBPrescTable
                0x08005c98        0x8 build/debug/Core/Src/system_stm32f4xx.o
                0x08005c98                APBPrescTable
 .rodata.AHBPrescTable
                0x08005ca0       0x10 build/debug/Core/Src/system_stm32f4xx.o
                0x08005ca0                AHBPrescTable
 .rodata.flagBitshiftOffset.0
                0x08005cb0        0x8 build/debug/Drivers/STM32F4xx_HAL_Driver/Src/stm32f4xx_hal_dma.o
 .rodata.create_name.str1.4
                0x08005cb8       0x13 build/debug/Middlewares/Third_Party/FatFs/src/ff.o
 .rodata.LfnOfs
                0x08005cb8        0xd build/debug/Middlewares/Third_Party/FatFs/src/ff.o
 *fill*         0x08005cc5        0x3 
 .rodata.ExCvt  0x08005cc8       0x80 build/debug/Middlewares/Third_Party/FatFs/src/ff.o
 .rodata.cvt2.0
                0x08005d48       0xbc build/debug/Middlewares/Third_Party/FatFs/src/option/ccsbcs.o
 .rodata.cvt1.1
                0x08005e04      0x1f2 build/debug/Middlewares/Third_Party/FatFs/src/option/ccsbcs.o
 *fill*         0x08005ff6        0x2 
 .rodata.Tbl    0x08005ff8      0x100 build/debug/Middlewares/Third_Party/FatFs/src/option/ccsbcs.o
 .rodata._svfprintf_r.str1.1
                0x080060f8       0x33 /usr/lib/gcc/arm-none-eabi/14.2.0/../../../../arm-none-eabi/lib/thumb/v7e-m+fp/hard/libc_nano.a(libc_a-nano-svfprintf.o)
                                 0x11 (size before relaxing)
 .rodata._printf_i.str1.1
                0x0800612b       0x22 /usr/lib/gcc/arm-none-eabi/14.2.0/../../../../arm-none-eabi/lib/thumb/v7e-m+fp/hard/libc_nano.a(libc_a-nano-vfprintf_i.o)
                0x08006150                        . = ALIGN (0x4)
 *fill*         0x0800612b        0x1 

.ARM.extab
 *(.ARM.extab* .gnu.linkonce.armextab.*)

.ARM            0x0800612c        0x8
                0x0800612c                        __exidx_start = .
 *(.ARM.exidx*)
 .ARM.exidx     0x0800612c        0x8 /usr/lib/gcc/arm-none-eabi/14.2.0/../../../../arm-none-eabi/lib/thumb/v7e-m+fp/hard/libc_nano.a(libc_a-strlen.o)
 .ARM.exidx     0x08006134        0x0 /usr/lib/gcc/arm-none-eabi/14.2.0/../../../../arm-none-eabi/lib/thumb/v7e-m+fp/hard/libc_nano.a(libc_a-memchr.o)
                                  0x8 (size before relaxing)
 .ARM.exidx.text.__udivmoddi4
                0x08006134        0x0 /usr/lib/gcc/arm-none-eabi/14.2.0/thumb/v7e-m+fp/hard/libgcc.a(_udivmoddi4.o)
                                  0x8 (size before relaxing)
                0x08006134                        __exidx_end = .

.rel.dyn        0x08006134        0x0
 .rel.iplt      0x08006134        0x0 /usr/lib/gcc/arm-none-eabi/14.2.0/thumb/v7e-m+fp/hard/crtbegin.o

.preinit_array  0x08006134        0x0
                0x08006134                        PROVIDE (__preinit_array_start = .)
 *(.preinit_array*)
                0x08006134                        PROVIDE (__preinit_array_end = .)

.init_array     0x08006134        0x4
                0x08006134                        PROVIDE (__init_array_start = .)
 *(SORT_BY_NAME(.init_array.*))
 *(.init_array*)
 .init_array    0x08006134        0x4 /usr/lib/gcc/arm-none-eabi/14.2.0/thumb/v7e-m+fp/hard/crtbegin.o
                0x08006138                        PROVIDE (__init_array_end = .)

.fini_array     0x08006138        0x4
                0x08006138                        PROVIDE (__fini_array_start = .)
 *(SORT_BY_NAME(.fini_array.*))
 *(.fini_array*)
 .fini_array    0x08006138        0x4 /usr/lib/gcc/arm-none-eabi/14.2.0/thumb/v7e-m+fp/hard/crtbegin.o
                0x0800613c                        PROVIDE (__fini_array_end = .)
                0x0800613c                        _sidata = LOADADDR (.data)

.data           0x20000000       0x74 load address 0x0800613c
                0x20000000                        . = ALIGN (0x4)
                0x20000000                        _sdata = .
 *(.data)
 *(.data*)
 .data.SystemCoreClock
                0x20000000        0x4 build/debug/Core/Src/system_stm32f4xx.o
                0x20000000                SystemCoreClock
 .data.uwTickFreq
                0x20000004        0x1 build/debug/Drivers/STM32F4xx_HAL_Driver/Src/stm32f4xx_hal.o
                0x20000004                uwTickFreq
 *fill*         0x20000005        0x3 
 .data.uwTickPrio
                0x20000008        0x4 build/debug/Drivers/STM32F4xx_HAL_Driver/Src/stm32f4xx_hal.o
                0x20000008                uwTickPrio
 .data.USER_Driver
                0x2000000c       0x14 build/debug/FATFS/Target/user_diskio.o
                0x2000000c                USER_Driver
 .data.Stat     0x20000020        0x1 build/debug/FATFS/Target/user_diskio_spi.o
 *fill*         0x20000021        0x3 
 .data._impure_ptr
                0x20000024        0x4 /usr/lib/gcc/arm-none-eabi/14.2.0/../../../../arm-none-eabi/lib/thumb/v7e-m+fp/hard/libc_nano.a(libc_a-impure.o)
                0x20000024                _impure_ptr
 .data._impure_data
                0x20000028       0x4c /usr/lib/gcc/arm-none-eabi/14.2.0/../../../../arm-none-eabi/lib/thumb/v7e-m+fp/hard/libc_nano.a(libc_a-impure.o)
                0x20000028                _impure_data
                0x20000074                        . = ALIGN (0x4)
                0x20000074                        _edata = .

.igot.plt       0x20000074        0x0 load address 0x080061b0
 .igot.plt      0x20000074        0x0 /usr/lib/gcc/arm-none-eabi/14.2.0/thumb/v7e-m+fp/hard/crtbegin.o
                0x20000074                        . = ALIGN (0x4)

.bss            0x20000074     0x183c load address 0x080061b0
                0x20000074                        _sbss = .
                0x20000074                        __bss_start__ = _sbss
 *(.bss)
 *(.bss*)
 .bss.completed.1
                0x20000074        0x1 /usr/lib/gcc/arm-none-eabi/14.2.0/thumb/v7e-m+fp/hard/crtbegin.o
 *fill*         0x20000075        0x3 
 .bss.object.0  0x20000078       0x18 /usr/lib/gcc/arm-none-eabi/14.2.0/thumb/v7e-m+fp/hard/crtbegin.o
 .bss.hdma_spi1_tx
                0x20000090       0x60 build/debug/Core/Src/i2s.o
                0x20000090                hdma_spi1_tx
 .bss.hi2s1     0x200000f0       0x48 build/debug/Core/Src/i2s.o
                0x200000f0                hi2s1
 .bss.buffer.0  0x20000138      0x100 build/debug/Core/Src/main.o
 .bss.isFullBufferDone
                0x20000238        0x1 build/debug/Core/Src/main.o
                0x20000238                isFullBufferDone
 .bss.isHalfBufferDone
                0x20000239        0x1 build/debug/Core/Src/main.o
                0x20000239                isHalfBufferDone
 *fill*         0x2000023a        0x2 
 .bss.played_size
                0x2000023c        0x4 build/debug/Core/Src/main.o
                0x2000023c                played_size
 .bss.recording_size
                0x20000240        0x4 build/debug/Core/Src/main.o
                0x20000240                recording_size
 .bss.samples   0x20000244      0xdc8 build/debug/Core/Src/main.o
                0x20000244                samples
 .bss.bytesRead
                0x2000100c        0x4 build/debug/Core/Src/main.o
                0x2000100c                bytesRead
 .bss.fil       0x20001010      0x230 build/debug/Core/Src/main.o
                0x20001010                fil
 .bss.fres      0x20001240        0x1 build/debug/Core/Src/main.o
                0x20001240                fres
 *fill*         0x20001241        0x3 
 .bss.FatFs     0x20001244      0x234 build/debug/Core/Src/main.o
                0x20001244                FatFs
 .bss.hspi2     0x20001478       0x58 build/debug/Core/Src/spi.o
                0x20001478                hspi2
 .bss.__sbrk_heap_end
                0x200014d0        0x4 build/debug/Core/Src/sysmem.o
 .bss.huart2    0x200014d4       0x48 build/debug/Core/Src/usart.o
                0x200014d4                huart2
 .bss.uwTick    0x2000151c        0x4 build/debug/Drivers/STM32F4xx_HAL_Driver/Src/stm32f4xx_hal.o
                0x2000151c                uwTick
 .bss.USERPath  0x20001520        0x4 build/debug/FATFS/App/fatfs.o
                0x20001520                USERPath
 .bss.retUSER   0x20001524        0x1 build/debug/FATFS/App/fatfs.o
                0x20001524                retUSER
 *fill*         0x20001525        0x3 
 .bss.spiTimerTickDelay
                0x20001528        0x4 build/debug/FATFS/Target/user_diskio_spi.o
                0x20001528                spiTimerTickDelay
 .bss.spiTimerTickStart
                0x2000152c        0x4 build/debug/FATFS/Target/user_diskio_spi.o
                0x2000152c                spiTimerTickStart
 .bss.CardType  0x20001530        0x1 build/debug/FATFS/Target/user_diskio_spi.o
 *fill*         0x20001531        0x3 
 .bss.LfnBuf    0x20001534      0x200 build/debug/Middlewares/Third_Party/FatFs/src/ff.o
 .bss.Files     0x20001734       0x20 build/debug/Middlewares/Third_Party/FatFs/src/ff.o
 .bss.Fsid      0x20001754        0x2 build/debug/Middlewares/Third_Party/FatFs/src/ff.o
 *fill*         0x20001756        0x2 
 .bss.FatFs     0x20001758        0x4 build/debug/Middlewares/Third_Party/FatFs/src/ff.o
 .bss.disk      0x2000175c        0xc build/debug/Middlewares/Third_Party/FatFs/src/ff_gen_drv.o
                0x2000175c                disk
 .bss.__sf      0x20001768      0x138 /usr/lib/gcc/arm-none-eabi/14.2.0/../../../../arm-none-eabi/lib/thumb/v7e-m+fp/hard/libc_nano.a(libc_a-findfp.o)
                0x20001768                __sf
 .bss.errno     0x200018a0        0x4 /usr/lib/gcc/arm-none-eabi/14.2.0/../../../../arm-none-eabi/lib/thumb/v7e-m+fp/hard/libc_nano.a(libc_a-reent.o)
                0x200018a0                errno
 .bss.__lock___malloc_recursive_mutex
                0x200018a4        0x1 /usr/lib/gcc/arm-none-eabi/14.2.0/../../../../arm-none-eabi/lib/thumb/v7e-m+fp/hard/libc_nano.a(libc_a-lock.o)
                0x200018a4                __lock___malloc_recursive_mutex
 *fill*         0x200018a5        0x3 
 .bss.__malloc_sbrk_start
                0x200018a8        0x4 /usr/lib/gcc/arm-none-eabi/14.2.0/../../../../arm-none-eabi/lib/thumb/v7e-m+fp/hard/libc_nano.a(libc_a-mallocr.o)
                0x200018a8                __malloc_sbrk_start
 .bss.__malloc_free_list
                0x200018ac        0x4 /usr/lib/gcc/arm-none-eabi/14.2.0/../../../../arm-none-eabi/lib/thumb/v7e-m+fp/hard/libc_nano.a(libc_a-mallocr.o)
                0x200018ac                __malloc_free_list
 *(COMMON)
                0x200018b0                        . = ALIGN (0x4)
                0x200018b0                        _ebss = .
                0x200018b0                        __bss_end__ = _ebss

._user_heap_stack
                0x200018b0      0x600 load address 0x080061b0
                0x200018b0                        . = ALIGN (0x8)
                [!provide]                        PROVIDE (end = .)
                0x200018b0                        PROVIDE (_end = .)
                0x20001ab0                        . = (. + _Min_Heap_Size)
 *fill*         0x200018b0      0x200 
                0x20001eb0                        . = (. + _Min_Stack_Size)
 *fill*         0x20001ab0      0x400 
                0x20001eb0                        . = ALIGN (0x8)

/DISCARD/
 libc.a(*)
 libm.a(*)
 libgcc.a(*)
OUTPUT(build/sdcardnotsobad.elf elf32-littlearm)
LOAD linker stubs
LOAD /usr/lib/gcc/arm-none-eabi/14.2.0/../../../../arm-none-eabi/lib/thumb/v7e-m+fp/hard/libc.a
LOAD /usr/lib/gcc/arm-none-eabi/14.2.0/../../../../arm-none-eabi/lib/thumb/v7e-m+fp/hard/libm.a
LOAD /usr/lib/gcc/arm-none-eabi/14.2.0/thumb/v7e-m+fp/hard/libgcc.a

.ARM.attributes
                0x00000000       0x30
 .ARM.attributes
                0x00000000       0x22 /usr/lib/gcc/arm-none-eabi/14.2.0/thumb/v7e-m+fp/hard/crti.o
 .ARM.attributes
                0x00000022       0x34 /usr/lib/gcc/arm-none-eabi/14.2.0/thumb/v7e-m+fp/hard/crtbegin.o
 .ARM.attributes
                0x00000056       0x34 build/debug/Core/Src/dma.o
 .ARM.attributes
                0x0000008a       0x34 build/debug/Core/Src/gpio.o
 .ARM.attributes
                0x000000be       0x34 build/debug/Core/Src/i2s.o
 .ARM.attributes
                0x000000f2       0x34 build/debug/Core/Src/main.o
 .ARM.attributes
                0x00000126       0x34 build/debug/Core/Src/spi.o
 .ARM.attributes
                0x0000015a       0x34 build/debug/Core/Src/stm32f4xx_hal_msp.o
 .ARM.attributes
                0x0000018e       0x34 build/debug/Core/Src/stm32f4xx_it.o
 .ARM.attributes
                0x000001c2       0x34 build/debug/Core/Src/sysmem.o
 .ARM.attributes
                0x000001f6       0x34 build/debug/Core/Src/system_stm32f4xx.o
 .ARM.attributes
                0x0000022a       0x34 build/debug/Core/Src/usart.o
 .ARM.attributes
                0x0000025e       0x34 build/debug/Drivers/STM32F4xx_HAL_Driver/Src/stm32f4xx_hal.o
 .ARM.attributes
                0x00000292       0x34 build/debug/Drivers/STM32F4xx_HAL_Driver/Src/stm32f4xx_hal_cortex.o
 .ARM.attributes
                0x000002c6       0x34 build/debug/Drivers/STM32F4xx_HAL_Driver/Src/stm32f4xx_hal_dma.o
 .ARM.attributes
                0x000002fa       0x34 build/debug/Drivers/STM32F4xx_HAL_Driver/Src/stm32f4xx_hal_gpio.o
 .ARM.attributes
                0x0000032e       0x34 build/debug/Drivers/STM32F4xx_HAL_Driver/Src/stm32f4xx_hal_i2s.o
 .ARM.attributes
                0x00000362       0x34 build/debug/Drivers/STM32F4xx_HAL_Driver/Src/stm32f4xx_hal_i2s_ex.o
 .ARM.attributes
                0x00000396       0x34 build/debug/Drivers/STM32F4xx_HAL_Driver/Src/stm32f4xx_hal_rcc.o
 .ARM.attributes
                0x000003ca       0x34 build/debug/Drivers/STM32F4xx_HAL_Driver/Src/stm32f4xx_hal_rcc_ex.o
 .ARM.attributes
                0x000003fe       0x34 build/debug/Drivers/STM32F4xx_HAL_Driver/Src/stm32f4xx_hal_spi.o
 .ARM.attributes
                0x00000432       0x34 build/debug/Drivers/STM32F4xx_HAL_Driver/Src/stm32f4xx_hal_uart.o
 .ARM.attributes
                0x00000466       0x34 build/debug/FATFS/App/fatfs.o
 .ARM.attributes
                0x0000049a       0x34 build/debug/FATFS/Target/user_diskio.o
 .ARM.attributes
                0x000004ce       0x34 build/debug/FATFS/Target/user_diskio_spi.o
 .ARM.attributes
                0x00000502       0x34 build/debug/Middlewares/Third_Party/FatFs/src/diskio.o
 .ARM.attributes
                0x00000536       0x34 build/debug/Middlewares/Third_Party/FatFs/src/ff.o
 .ARM.attributes
                0x0000056a       0x34 build/debug/Middlewares/Third_Party/FatFs/src/ff_gen_drv.o
 .ARM.attributes
                0x0000059e       0x34 build/debug/Middlewares/Third_Party/FatFs/src/option/ccsbcs.o
 .ARM.attributes
                0x000005d2       0x21 build/debug/startup_stm32f411xe.o
 .ARM.attributes
                0x000005f3       0x34 /usr/lib/gcc/arm-none-eabi/14.2.0/../../../../arm-none-eabi/lib/thumb/v7e-m+fp/hard/libc_nano.a(libc_a-findfp.o)
 .ARM.attributes
                0x00000627       0x34 /usr/lib/gcc/arm-none-eabi/14.2.0/../../../../arm-none-eabi/lib/thumb/v7e-m+fp/hard/libc_nano.a(libc_a-vsnprintf.o)
 .ARM.attributes
                0x0000065b       0x34 /usr/lib/gcc/arm-none-eabi/14.2.0/../../../../arm-none-eabi/lib/thumb/v7e-m+fp/hard/libc_nano.a(libc_a-memset.o)
 .ARM.attributes
                0x0000068f       0x34 /usr/lib/gcc/arm-none-eabi/14.2.0/../../../../arm-none-eabi/lib/thumb/v7e-m+fp/hard/libc_nano.a(libc_a-reent.o)
 .ARM.attributes
                0x000006c3       0x34 /usr/lib/gcc/arm-none-eabi/14.2.0/../../../../arm-none-eabi/lib/thumb/v7e-m+fp/hard/libc_nano.a(libc_a-impure.o)
 .ARM.attributes
                0x000006f7       0x34 /usr/lib/gcc/arm-none-eabi/14.2.0/../../../../arm-none-eabi/lib/thumb/v7e-m+fp/hard/libc_nano.a(libc_a-errno.o)
 .ARM.attributes
                0x0000072b       0x34 /usr/lib/gcc/arm-none-eabi/14.2.0/../../../../arm-none-eabi/lib/thumb/v7e-m+fp/hard/libc_nano.a(libc_a-init.o)
 .ARM.attributes
                0x0000075f       0x34 /usr/lib/gcc/arm-none-eabi/14.2.0/../../../../arm-none-eabi/lib/thumb/v7e-m+fp/hard/libc_nano.a(libc_a-lock.o)
 .ARM.attributes
                0x00000793       0x17 /usr/lib/gcc/arm-none-eabi/14.2.0/../../../../arm-none-eabi/lib/thumb/v7e-m+fp/hard/libc_nano.a(libc_a-strlen.o)
 .ARM.attributes
                0x000007aa       0x34 /usr/lib/gcc/arm-none-eabi/14.2.0/../../../../arm-none-eabi/lib/thumb/v7e-m+fp/hard/libc_nano.a(libc_a-freer.o)
 .ARM.attributes
                0x000007de       0x34 /usr/lib/gcc/arm-none-eabi/14.2.0/../../../../arm-none-eabi/lib/thumb/v7e-m+fp/hard/libc_nano.a(libc_a-mallocr.o)
 .ARM.attributes
                0x00000812       0x34 /usr/lib/gcc/arm-none-eabi/14.2.0/../../../../arm-none-eabi/lib/thumb/v7e-m+fp/hard/libc_nano.a(libc_a-mlock.o)
 .ARM.attributes
                0x00000846       0x34 /usr/lib/gcc/arm-none-eabi/14.2.0/../../../../arm-none-eabi/lib/thumb/v7e-m+fp/hard/libc_nano.a(libc_a-nano-svfprintf.o)
 .ARM.attributes
                0x0000087a       0x34 /usr/lib/gcc/arm-none-eabi/14.2.0/../../../../arm-none-eabi/lib/thumb/v7e-m+fp/hard/libc_nano.a(libc_a-nano-vfprintf_i.o)
 .ARM.attributes
                0x000008ae       0x34 /usr/lib/gcc/arm-none-eabi/14.2.0/../../../../arm-none-eabi/lib/thumb/v7e-m+fp/hard/libc_nano.a(libc_a-memmove.o)
 .ARM.attributes
                0x000008e2       0x34 /usr/lib/gcc/arm-none-eabi/14.2.0/../../../../arm-none-eabi/lib/thumb/v7e-m+fp/hard/libc_nano.a(libc_a-sbrkr.o)
 .ARM.attributes
                0x00000916       0x1c /usr/lib/gcc/arm-none-eabi/14.2.0/../../../../arm-none-eabi/lib/thumb/v7e-m+fp/hard/libc_nano.a(libc_a-memchr.o)
 .ARM.attributes
                0x00000932       0x34 /usr/lib/gcc/arm-none-eabi/14.2.0/../../../../arm-none-eabi/lib/thumb/v7e-m+fp/hard/libc_nano.a(libc_a-memcpy-stub.o)
 .ARM.attributes
                0x00000966       0x34 /usr/lib/gcc/arm-none-eabi/14.2.0/../../../../arm-none-eabi/lib/thumb/v7e-m+fp/hard/libc_nano.a(libc_a-reallocr.o)
 .ARM.attributes
                0x0000099a       0x34 /usr/lib/gcc/arm-none-eabi/14.2.0/../../../../arm-none-eabi/lib/thumb/v7e-m+fp/hard/libc_nano.a(libc_a-msizer.o)
 .ARM.attributes
                0x000009ce       0x22 /usr/lib/gcc/arm-none-eabi/14.2.0/thumb/v7e-m+fp/hard/libgcc.a(_aeabi_uldivmod.o)
 .ARM.attributes
                0x000009f0       0x34 /usr/lib/gcc/arm-none-eabi/14.2.0/thumb/v7e-m+fp/hard/libgcc.a(_udivmoddi4.o)
 .ARM.attributes
                0x00000a24       0x22 /usr/lib/gcc/arm-none-eabi/14.2.0/thumb/v7e-m+fp/hard/libgcc.a(_dvmd_tls.o)
 .ARM.attributes
                0x00000a46       0x22 /usr/lib/gcc/arm-none-eabi/14.2.0/thumb/v7e-m+fp/hard/crtn.o

.comment        0x00000000       0x3c
 .comment       0x00000000       0x3c build/debug/Core/Src/dma.o
                                 0x1f (size before relaxing)
 .comment       0x0000003c       0x1f build/debug/Core/Src/gpio.o
 .comment       0x0000003c       0x1f build/debug/Core/Src/i2s.o
 .comment       0x0000003c       0x1f build/debug/Core/Src/main.o
 .comment       0x0000003c       0x1f build/debug/Core/Src/spi.o
 .comment       0x0000003c       0x1f build/debug/Core/Src/stm32f4xx_hal_msp.o
 .comment       0x0000003c       0x1f build/debug/Core/Src/stm32f4xx_it.o
 .comment       0x0000003c       0x1f build/debug/Core/Src/sysmem.o
 .comment       0x0000003c       0x1f build/debug/Core/Src/system_stm32f4xx.o
 .comment       0x0000003c       0x1f build/debug/Core/Src/usart.o
 .comment       0x0000003c       0x1f build/debug/Drivers/STM32F4xx_HAL_Driver/Src/stm32f4xx_hal.o
 .comment       0x0000003c       0x1f build/debug/Drivers/STM32F4xx_HAL_Driver/Src/stm32f4xx_hal_cortex.o
 .comment       0x0000003c       0x1f build/debug/Drivers/STM32F4xx_HAL_Driver/Src/stm32f4xx_hal_dma.o
 .comment       0x0000003c       0x1f build/debug/Drivers/STM32F4xx_HAL_Driver/Src/stm32f4xx_hal_gpio.o
 .comment       0x0000003c       0x1f build/debug/Drivers/STM32F4xx_HAL_Driver/Src/stm32f4xx_hal_i2s.o
 .comment       0x0000003c       0x1f build/debug/Drivers/STM32F4xx_HAL_Driver/Src/stm32f4xx_hal_i2s_ex.o
 .comment       0x0000003c       0x1f build/debug/Drivers/STM32F4xx_HAL_Driver/Src/stm32f4xx_hal_rcc.o
 .comment       0x0000003c       0x1f build/debug/Drivers/STM32F4xx_HAL_Driver/Src/stm32f4xx_hal_rcc_ex.o
 .comment       0x0000003c       0x1f build/debug/Drivers/STM32F4xx_HAL_Driver/Src/stm32f4xx_hal_spi.o
 .comment       0x0000003c       0x1f build/debug/Drivers/STM32F4xx_HAL_Driver/Src/stm32f4xx_hal_uart.o
 .comment       0x0000003c       0x1f build/debug/FATFS/App/fatfs.o
 .comment       0x0000003c       0x1f build/debug/FATFS/Target/user_diskio.o
 .comment       0x0000003c       0x1f build/debug/FATFS/Target/user_diskio_spi.o
 .comment       0x0000003c       0x1f build/debug/Middlewares/Third_Party/FatFs/src/diskio.o
 .comment       0x0000003c       0x1f build/debug/Middlewares/Third_Party/FatFs/src/ff.o
 .comment       0x0000003c       0x1f build/debug/Middlewares/Third_Party/FatFs/src/ff_gen_drv.o
 .comment       0x0000003c       0x1f build/debug/Middlewares/Third_Party/FatFs/src/option/ccsbcs.o
 .comment       0x0000003c       0x1f /usr/lib/gcc/arm-none-eabi/14.2.0/../../../../arm-none-eabi/lib/thumb/v7e-m+fp/hard/libc_nano.a(libc_a-findfp.o)
 .comment       0x0000003c       0x1f /usr/lib/gcc/arm-none-eabi/14.2.0/../../../../arm-none-eabi/lib/thumb/v7e-m+fp/hard/libc_nano.a(libc_a-vsnprintf.o)
 .comment       0x0000003c       0x1f /usr/lib/gcc/arm-none-eabi/14.2.0/../../../../arm-none-eabi/lib/thumb/v7e-m+fp/hard/libc_nano.a(libc_a-memset.o)
 .comment       0x0000003c       0x1f /usr/lib/gcc/arm-none-eabi/14.2.0/../../../../arm-none-eabi/lib/thumb/v7e-m+fp/hard/libc_nano.a(libc_a-reent.o)
 .comment       0x0000003c       0x1f /usr/lib/gcc/arm-none-eabi/14.2.0/../../../../arm-none-eabi/lib/thumb/v7e-m+fp/hard/libc_nano.a(libc_a-impure.o)
 .comment       0x0000003c       0x1f /usr/lib/gcc/arm-none-eabi/14.2.0/../../../../arm-none-eabi/lib/thumb/v7e-m+fp/hard/libc_nano.a(libc_a-errno.o)
 .comment       0x0000003c       0x1f /usr/lib/gcc/arm-none-eabi/14.2.0/../../../../arm-none-eabi/lib/thumb/v7e-m+fp/hard/libc_nano.a(libc_a-init.o)
 .comment       0x0000003c       0x1f /usr/lib/gcc/arm-none-eabi/14.2.0/../../../../arm-none-eabi/lib/thumb/v7e-m+fp/hard/libc_nano.a(libc_a-lock.o)
 .comment       0x0000003c       0x1f /usr/lib/gcc/arm-none-eabi/14.2.0/../../../../arm-none-eabi/lib/thumb/v7e-m+fp/hard/libc_nano.a(libc_a-freer.o)
 .comment       0x0000003c       0x1f /usr/lib/gcc/arm-none-eabi/14.2.0/../../../../arm-none-eabi/lib/thumb/v7e-m+fp/hard/libc_nano.a(libc_a-mallocr.o)
 .comment       0x0000003c       0x1f /usr/lib/gcc/arm-none-eabi/14.2.0/../../../../arm-none-eabi/lib/thumb/v7e-m+fp/hard/libc_nano.a(libc_a-mlock.o)
 .comment       0x0000003c       0x1f /usr/lib/gcc/arm-none-eabi/14.2.0/../../../../arm-none-eabi/lib/thumb/v7e-m+fp/hard/libc_nano.a(libc_a-nano-svfprintf.o)
 .comment       0x0000003c       0x1f /usr/lib/gcc/arm-none-eabi/14.2.0/../../../../arm-none-eabi/lib/thumb/v7e-m+fp/hard/libc_nano.a(libc_a-nano-vfprintf_i.o)
 .comment       0x0000003c       0x1f /usr/lib/gcc/arm-none-eabi/14.2.0/../../../../arm-none-eabi/lib/thumb/v7e-m+fp/hard/libc_nano.a(libc_a-memmove.o)
 .comment       0x0000003c       0x1f /usr/lib/gcc/arm-none-eabi/14.2.0/../../../../arm-none-eabi/lib/thumb/v7e-m+fp/hard/libc_nano.a(libc_a-sbrkr.o)
 .comment       0x0000003c       0x1f /usr/lib/gcc/arm-none-eabi/14.2.0/../../../../arm-none-eabi/lib/thumb/v7e-m+fp/hard/libc_nano.a(libc_a-memcpy-stub.o)
 .comment       0x0000003c       0x1f /usr/lib/gcc/arm-none-eabi/14.2.0/../../../../arm-none-eabi/lib/thumb/v7e-m+fp/hard/libc_nano.a(libc_a-reallocr.o)
 .comment       0x0000003c       0x1f /usr/lib/gcc/arm-none-eabi/14.2.0/../../../../arm-none-eabi/lib/thumb/v7e-m+fp/hard/libc_nano.a(libc_a-msizer.o)
 .comment       0x0000003c       0x1f /usr/lib/gcc/arm-none-eabi/14.2.0/thumb/v7e-m+fp/hard/libgcc.a(_udivmoddi4.o)

.debug_info     0x00000000    0x2068b
 .debug_info    0x00000000      0x473 build/debug/Core/Src/dma.o
 .debug_info    0x00000473      0x431 build/debug/Core/Src/gpio.o
 .debug_info    0x000008a4      0xd61 build/debug/Core/Src/i2s.o
 .debug_info    0x00001605     0x155b build/debug/Core/Src/main.o
 .debug_info    0x00002b60      0x9f5 build/debug/Core/Src/spi.o
 .debug_info    0x00003555      0x28d build/debug/Core/Src/stm32f4xx_hal_msp.o
 .debug_info    0x000037e2      0x670 build/debug/Core/Src/stm32f4xx_it.o
 .debug_info    0x00003e52      0x171 build/debug/Core/Src/sysmem.o
 .debug_info    0x00003fc3      0x553 build/debug/Core/Src/system_stm32f4xx.o
 .debug_info    0x00004516      0x9aa build/debug/Core/Src/usart.o
 .debug_info    0x00004ec0      0x962 build/debug/Drivers/STM32F4xx_HAL_Driver/Src/stm32f4xx_hal.o
 .debug_info    0x00005822      0xf65 build/debug/Drivers/STM32F4xx_HAL_Driver/Src/stm32f4xx_hal_cortex.o
 .debug_info    0x00006787      0xad8 build/debug/Drivers/STM32F4xx_HAL_Driver/Src/stm32f4xx_hal_dma.o
 .debug_info    0x0000725f      0x73a build/debug/Drivers/STM32F4xx_HAL_Driver/Src/stm32f4xx_hal_gpio.o
 .debug_info    0x00007999     0x114d build/debug/Drivers/STM32F4xx_HAL_Driver/Src/stm32f4xx_hal_i2s.o
 .debug_info    0x00008ae6      0xd6b build/debug/Drivers/STM32F4xx_HAL_Driver/Src/stm32f4xx_hal_i2s_ex.o
 .debug_info    0x00009851      0xaae build/debug/Drivers/STM32F4xx_HAL_Driver/Src/stm32f4xx_hal_rcc.o
 .debug_info    0x0000a2ff      0x6ba build/debug/Drivers/STM32F4xx_HAL_Driver/Src/stm32f4xx_hal_rcc_ex.o
 .debug_info    0x0000a9b9     0x1cd7 build/debug/Drivers/STM32F4xx_HAL_Driver/Src/stm32f4xx_hal_spi.o
 .debug_info    0x0000c690     0x4007 build/debug/Drivers/STM32F4xx_HAL_Driver/Src/stm32f4xx_hal_uart.o
 .debug_info    0x00010697      0x50b build/debug/FATFS/App/fatfs.o
 .debug_info    0x00010ba2      0x4c2 build/debug/FATFS/Target/user_diskio.o
 .debug_info    0x00011064     0x1361 build/debug/FATFS/Target/user_diskio_spi.o
 .debug_info    0x000123c5      0x4ba build/debug/Middlewares/Third_Party/FatFs/src/diskio.o
 .debug_info    0x0001287f     0x4b30 build/debug/Middlewares/Third_Party/FatFs/src/ff.o
 .debug_info    0x000173af      0x3f5 build/debug/Middlewares/Third_Party/FatFs/src/ff_gen_drv.o
 .debug_info    0x000177a4      0x1d6 build/debug/Middlewares/Third_Party/FatFs/src/option/ccsbcs.o
 .debug_info    0x0001797a       0x30 build/debug/startup_stm32f411xe.o
 .debug_info    0x000179aa      0xfb8 /usr/lib/gcc/arm-none-eabi/14.2.0/../../../../arm-none-eabi/lib/thumb/v7e-m+fp/hard/libc_nano.a(libc_a-findfp.o)
 .debug_info    0x00018962      0x89c /usr/lib/gcc/arm-none-eabi/14.2.0/../../../../arm-none-eabi/lib/thumb/v7e-m+fp/hard/libc_nano.a(libc_a-vsnprintf.o)
 .debug_info    0x000191fe       0xe0 /usr/lib/gcc/arm-none-eabi/14.2.0/../../../../arm-none-eabi/lib/thumb/v7e-m+fp/hard/libc_nano.a(libc_a-memset.o)
 .debug_info    0x000192de      0x8a1 /usr/lib/gcc/arm-none-eabi/14.2.0/../../../../arm-none-eabi/lib/thumb/v7e-m+fp/hard/libc_nano.a(libc_a-reent.o)
 .debug_info    0x00019b7f      0x715 /usr/lib/gcc/arm-none-eabi/14.2.0/../../../../arm-none-eabi/lib/thumb/v7e-m+fp/hard/libc_nano.a(libc_a-impure.o)
 .debug_info    0x0001a294      0x6fb /usr/lib/gcc/arm-none-eabi/14.2.0/../../../../arm-none-eabi/lib/thumb/v7e-m+fp/hard/libc_nano.a(libc_a-errno.o)
 .debug_info    0x0001a98f      0x10b /usr/lib/gcc/arm-none-eabi/14.2.0/../../../../arm-none-eabi/lib/thumb/v7e-m+fp/hard/libc_nano.a(libc_a-init.o)
 .debug_info    0x0001aa9a      0x218 /usr/lib/gcc/arm-none-eabi/14.2.0/../../../../arm-none-eabi/lib/thumb/v7e-m+fp/hard/libc_nano.a(libc_a-lock.o)
 .debug_info    0x0001acb2       0x31 /usr/lib/gcc/arm-none-eabi/14.2.0/../../../../arm-none-eabi/lib/thumb/v7e-m+fp/hard/libc_nano.a(libc_a-strlen.o)
 .debug_info    0x0001ace3      0x851 /usr/lib/gcc/arm-none-eabi/14.2.0/../../../../arm-none-eabi/lib/thumb/v7e-m+fp/hard/libc_nano.a(libc_a-freer.o)
 .debug_info    0x0001b534      0x9bc /usr/lib/gcc/arm-none-eabi/14.2.0/../../../../arm-none-eabi/lib/thumb/v7e-m+fp/hard/libc_nano.a(libc_a-mallocr.o)
 .debug_info    0x0001bef0      0x76b /usr/lib/gcc/arm-none-eabi/14.2.0/../../../../arm-none-eabi/lib/thumb/v7e-m+fp/hard/libc_nano.a(libc_a-mlock.o)
 .debug_info    0x0001c65b     0x10b3 /usr/lib/gcc/arm-none-eabi/14.2.0/../../../../arm-none-eabi/lib/thumb/v7e-m+fp/hard/libc_nano.a(libc_a-nano-svfprintf.o)
 .debug_info    0x0001d70e      0xde2 /usr/lib/gcc/arm-none-eabi/14.2.0/../../../../arm-none-eabi/lib/thumb/v7e-m+fp/hard/libc_nano.a(libc_a-nano-vfprintf_i.o)
 .debug_info    0x0001e4f0      0x10f /usr/lib/gcc/arm-none-eabi/14.2.0/../../../../arm-none-eabi/lib/thumb/v7e-m+fp/hard/libc_nano.a(libc_a-memmove.o)
 .debug_info    0x0001e5ff      0x782 /usr/lib/gcc/arm-none-eabi/14.2.0/../../../../arm-none-eabi/lib/thumb/v7e-m+fp/hard/libc_nano.a(libc_a-sbrkr.o)
 .debug_info    0x0001ed81       0x25 /usr/lib/gcc/arm-none-eabi/14.2.0/../../../../arm-none-eabi/lib/thumb/v7e-m+fp/hard/libc_nano.a(libc_a-memchr.o)
 .debug_info    0x0001eda6      0x121 /usr/lib/gcc/arm-none-eabi/14.2.0/../../../../arm-none-eabi/lib/thumb/v7e-m+fp/hard/libc_nano.a(libc_a-memcpy-stub.o)
 .debug_info    0x0001eec7      0x8cd /usr/lib/gcc/arm-none-eabi/14.2.0/../../../../arm-none-eabi/lib/thumb/v7e-m+fp/hard/libc_nano.a(libc_a-reallocr.o)
 .debug_info    0x0001f794      0x794 /usr/lib/gcc/arm-none-eabi/14.2.0/../../../../arm-none-eabi/lib/thumb/v7e-m+fp/hard/libc_nano.a(libc_a-msizer.o)
 .debug_info    0x0001ff28       0x24 /usr/lib/gcc/arm-none-eabi/14.2.0/thumb/v7e-m+fp/hard/libgcc.a(_aeabi_uldivmod.o)
 .debug_info    0x0001ff4c      0x703 /usr/lib/gcc/arm-none-eabi/14.2.0/thumb/v7e-m+fp/hard/libgcc.a(_udivmoddi4.o)
 .debug_info    0x0002064f       0x3c /usr/lib/gcc/arm-none-eabi/14.2.0/thumb/v7e-m+fp/hard/libgcc.a(_dvmd_tls.o)

.debug_abbrev   0x00000000     0x59bc
 .debug_abbrev  0x00000000      0x12b build/debug/Core/Src/dma.o
 .debug_abbrev  0x0000012b      0x163 build/debug/Core/Src/gpio.o
 .debug_abbrev  0x0000028e      0x23e build/debug/Core/Src/i2s.o
 .debug_abbrev  0x000004cc      0x302 build/debug/Core/Src/main.o
 .debug_abbrev  0x000007ce      0x216 build/debug/Core/Src/spi.o
 .debug_abbrev  0x000009e4       0xd6 build/debug/Core/Src/stm32f4xx_hal_msp.o
 .debug_abbrev  0x00000aba      0x188 build/debug/Core/Src/stm32f4xx_it.o
 .debug_abbrev  0x00000c42       0xea build/debug/Core/Src/sysmem.o
 .debug_abbrev  0x00000d2c      0x11e build/debug/Core/Src/system_stm32f4xx.o
 .debug_abbrev  0x00000e4a      0x216 build/debug/Core/Src/usart.o
 .debug_abbrev  0x00001060      0x277 build/debug/Drivers/STM32F4xx_HAL_Driver/Src/stm32f4xx_hal.o
 .debug_abbrev  0x000012d7      0x391 build/debug/Drivers/STM32F4xx_HAL_Driver/Src/stm32f4xx_hal_cortex.o
 .debug_abbrev  0x00001668      0x27d build/debug/Drivers/STM32F4xx_HAL_Driver/Src/stm32f4xx_hal_dma.o
 .debug_abbrev  0x000018e5      0x201 build/debug/Drivers/STM32F4xx_HAL_Driver/Src/stm32f4xx_hal_gpio.o
 .debug_abbrev  0x00001ae6      0x282 build/debug/Drivers/STM32F4xx_HAL_Driver/Src/stm32f4xx_hal_i2s.o
 .debug_abbrev  0x00001d68      0x2a5 build/debug/Drivers/STM32F4xx_HAL_Driver/Src/stm32f4xx_hal_i2s_ex.o
 .debug_abbrev  0x0000200d      0x2c6 build/debug/Drivers/STM32F4xx_HAL_Driver/Src/stm32f4xx_hal_rcc.o
 .debug_abbrev  0x000022d3      0x1c7 build/debug/Drivers/STM32F4xx_HAL_Driver/Src/stm32f4xx_hal_rcc_ex.o
 .debug_abbrev  0x0000249a      0x26e build/debug/Drivers/STM32F4xx_HAL_Driver/Src/stm32f4xx_hal_spi.o
 .debug_abbrev  0x00002708      0x33c build/debug/Drivers/STM32F4xx_HAL_Driver/Src/stm32f4xx_hal_uart.o
 .debug_abbrev  0x00002a44      0x16e build/debug/FATFS/App/fatfs.o
 .debug_abbrev  0x00002bb2      0x159 build/debug/FATFS/Target/user_diskio.o
 .debug_abbrev  0x00002d0b      0x32f build/debug/FATFS/Target/user_diskio_spi.o
 .debug_abbrev  0x0000303a      0x1bb build/debug/Middlewares/Third_Party/FatFs/src/diskio.o
 .debug_abbrev  0x000031f5      0x2db build/debug/Middlewares/Third_Party/FatFs/src/ff.o
 .debug_abbrev  0x000034d0      0x1af build/debug/Middlewares/Third_Party/FatFs/src/ff_gen_drv.o
 .debug_abbrev  0x0000367f       0xf4 build/debug/Middlewares/Third_Party/FatFs/src/option/ccsbcs.o
 .debug_abbrev  0x00003773       0x24 build/debug/startup_stm32f411xe.o
 .debug_abbrev  0x00003797      0x424 /usr/lib/gcc/arm-none-eabi/14.2.0/../../../../arm-none-eabi/lib/thumb/v7e-m+fp/hard/libc_nano.a(libc_a-findfp.o)
 .debug_abbrev  0x00003bbb      0x228 /usr/lib/gcc/arm-none-eabi/14.2.0/../../../../arm-none-eabi/lib/thumb/v7e-m+fp/hard/libc_nano.a(libc_a-vsnprintf.o)
 .debug_abbrev  0x00003de3       0x9e /usr/lib/gcc/arm-none-eabi/14.2.0/../../../../arm-none-eabi/lib/thumb/v7e-m+fp/hard/libc_nano.a(libc_a-memset.o)
 .debug_abbrev  0x00003e81      0x1f7 /usr/lib/gcc/arm-none-eabi/14.2.0/../../../../arm-none-eabi/lib/thumb/v7e-m+fp/hard/libc_nano.a(libc_a-reent.o)
 .debug_abbrev  0x00004078      0x149 /usr/lib/gcc/arm-none-eabi/14.2.0/../../../../arm-none-eabi/lib/thumb/v7e-m+fp/hard/libc_nano.a(libc_a-impure.o)
 .debug_abbrev  0x000041c1      0x15e /usr/lib/gcc/arm-none-eabi/14.2.0/../../../../arm-none-eabi/lib/thumb/v7e-m+fp/hard/libc_nano.a(libc_a-errno.o)
 .debug_abbrev  0x0000431f       0xc9 /usr/lib/gcc/arm-none-eabi/14.2.0/../../../../arm-none-eabi/lib/thumb/v7e-m+fp/hard/libc_nano.a(libc_a-init.o)
 .debug_abbrev  0x000043e8      0x115 /usr/lib/gcc/arm-none-eabi/14.2.0/../../../../arm-none-eabi/lib/thumb/v7e-m+fp/hard/libc_nano.a(libc_a-lock.o)
 .debug_abbrev  0x000044fd       0x28 /usr/lib/gcc/arm-none-eabi/14.2.0/../../../../arm-none-eabi/lib/thumb/v7e-m+fp/hard/libc_nano.a(libc_a-strlen.o)
 .debug_abbrev  0x00004525      0x236 /usr/lib/gcc/arm-none-eabi/14.2.0/../../../../arm-none-eabi/lib/thumb/v7e-m+fp/hard/libc_nano.a(libc_a-freer.o)
 .debug_abbrev  0x0000475b      0x24a /usr/lib/gcc/arm-none-eabi/14.2.0/../../../../arm-none-eabi/lib/thumb/v7e-m+fp/hard/libc_nano.a(libc_a-mallocr.o)
 .debug_abbrev  0x000049a5      0x1bf /usr/lib/gcc/arm-none-eabi/14.2.0/../../../../arm-none-eabi/lib/thumb/v7e-m+fp/hard/libc_nano.a(libc_a-mlock.o)
 .debug_abbrev  0x00004b64      0x31e /usr/lib/gcc/arm-none-eabi/14.2.0/../../../../arm-none-eabi/lib/thumb/v7e-m+fp/hard/libc_nano.a(libc_a-nano-svfprintf.o)
 .debug_abbrev  0x00004e82      0x28e /usr/lib/gcc/arm-none-eabi/14.2.0/../../../../arm-none-eabi/lib/thumb/v7e-m+fp/hard/libc_nano.a(libc_a-nano-vfprintf_i.o)
 .debug_abbrev  0x00005110       0xac /usr/lib/gcc/arm-none-eabi/14.2.0/../../../../arm-none-eabi/lib/thumb/v7e-m+fp/hard/libc_nano.a(libc_a-memmove.o)
 .debug_abbrev  0x000051bc      0x1da /usr/lib/gcc/arm-none-eabi/14.2.0/../../../../arm-none-eabi/lib/thumb/v7e-m+fp/hard/libc_nano.a(libc_a-sbrkr.o)
 .debug_abbrev  0x00005396       0x14 /usr/lib/gcc/arm-none-eabi/14.2.0/../../../../arm-none-eabi/lib/thumb/v7e-m+fp/hard/libc_nano.a(libc_a-memchr.o)
 .debug_abbrev  0x000053aa       0xc1 /usr/lib/gcc/arm-none-eabi/14.2.0/../../../../arm-none-eabi/lib/thumb/v7e-m+fp/hard/libc_nano.a(libc_a-memcpy-stub.o)
 .debug_abbrev  0x0000546b      0x217 /usr/lib/gcc/arm-none-eabi/14.2.0/../../../../arm-none-eabi/lib/thumb/v7e-m+fp/hard/libc_nano.a(libc_a-reallocr.o)
 .debug_abbrev  0x00005682      0x196 /usr/lib/gcc/arm-none-eabi/14.2.0/../../../../arm-none-eabi/lib/thumb/v7e-m+fp/hard/libc_nano.a(libc_a-msizer.o)
 .debug_abbrev  0x00005818       0x14 /usr/lib/gcc/arm-none-eabi/14.2.0/thumb/v7e-m+fp/hard/libgcc.a(_aeabi_uldivmod.o)
 .debug_abbrev  0x0000582c      0x16a /usr/lib/gcc/arm-none-eabi/14.2.0/thumb/v7e-m+fp/hard/libgcc.a(_udivmoddi4.o)
 .debug_abbrev  0x00005996       0x26 /usr/lib/gcc/arm-none-eabi/14.2.0/thumb/v7e-m+fp/hard/libgcc.a(_dvmd_tls.o)

.debug_aranges  0x00000000     0x12b0
 .debug_aranges
                0x00000000       0x20 build/debug/Core/Src/dma.o
 .debug_aranges
                0x00000020       0x20 build/debug/Core/Src/gpio.o
 .debug_aranges
                0x00000040       0x30 build/debug/Core/Src/i2s.o
 .debug_aranges
                0x00000070       0x48 build/debug/Core/Src/main.o
 .debug_aranges
                0x000000b8       0x30 build/debug/Core/Src/spi.o
 .debug_aranges
                0x000000e8       0x20 build/debug/Core/Src/stm32f4xx_hal_msp.o
 .debug_aranges
                0x00000108       0x70 build/debug/Core/Src/stm32f4xx_it.o
 .debug_aranges
                0x00000178       0x20 build/debug/Core/Src/sysmem.o
 .debug_aranges
                0x00000198       0x28 build/debug/Core/Src/system_stm32f4xx.o
 .debug_aranges
                0x000001c0       0x30 build/debug/Core/Src/usart.o
 .debug_aranges
                0x000001f0       0xf0 build/debug/Drivers/STM32F4xx_HAL_Driver/Src/stm32f4xx_hal.o
 .debug_aranges
                0x000002e0       0xf8 build/debug/Drivers/STM32F4xx_HAL_Driver/Src/stm32f4xx_hal_cortex.o
 .debug_aranges
                0x000003d8       0x90 build/debug/Drivers/STM32F4xx_HAL_Driver/Src/stm32f4xx_hal_dma.o
 .debug_aranges
                0x00000468       0x58 build/debug/Drivers/STM32F4xx_HAL_Driver/Src/stm32f4xx_hal_gpio.o
 .debug_aranges
                0x000004c0      0x108 build/debug/Drivers/STM32F4xx_HAL_Driver/Src/stm32f4xx_hal_i2s.o
 .debug_aranges
                0x000005c8       0x88 build/debug/Drivers/STM32F4xx_HAL_Driver/Src/stm32f4xx_hal_i2s_ex.o
 .debug_aranges
                0x00000650       0x88 build/debug/Drivers/STM32F4xx_HAL_Driver/Src/stm32f4xx_hal_rcc.o
 .debug_aranges
                0x000006d8       0x50 build/debug/Drivers/STM32F4xx_HAL_Driver/Src/stm32f4xx_hal_rcc_ex.o
 .debug_aranges
                0x00000728      0x1d0 build/debug/Drivers/STM32F4xx_HAL_Driver/Src/stm32f4xx_hal_spi.o
 .debug_aranges
                0x000008f8      0x208 build/debug/Drivers/STM32F4xx_HAL_Driver/Src/stm32f4xx_hal_uart.o
 .debug_aranges
                0x00000b00       0x28 build/debug/FATFS/App/fatfs.o
 .debug_aranges
                0x00000b28       0x40 build/debug/FATFS/Target/user_diskio.o
 .debug_aranges
                0x00000b68       0x98 build/debug/FATFS/Target/user_diskio_spi.o
 .debug_aranges
                0x00000c00       0x48 build/debug/Middlewares/Third_Party/FatFs/src/diskio.o
 .debug_aranges
                0x00000c48      0x230 build/debug/Middlewares/Third_Party/FatFs/src/ff.o
 .debug_aranges
                0x00000e78       0x40 build/debug/Middlewares/Third_Party/FatFs/src/ff_gen_drv.o
 .debug_aranges
                0x00000eb8       0x28 build/debug/Middlewares/Third_Party/FatFs/src/option/ccsbcs.o
 .debug_aranges
                0x00000ee0       0x28 build/debug/startup_stm32f411xe.o
 .debug_aranges
                0x00000f08       0x78 /usr/lib/gcc/arm-none-eabi/14.2.0/../../../../arm-none-eabi/lib/thumb/v7e-m+fp/hard/libc_nano.a(libc_a-findfp.o)
 .debug_aranges
                0x00000f80       0x28 /usr/lib/gcc/arm-none-eabi/14.2.0/../../../../arm-none-eabi/lib/thumb/v7e-m+fp/hard/libc_nano.a(libc_a-vsnprintf.o)
 .debug_aranges
                0x00000fa8       0x20 /usr/lib/gcc/arm-none-eabi/14.2.0/../../../../arm-none-eabi/lib/thumb/v7e-m+fp/hard/libc_nano.a(libc_a-memset.o)
 .debug_aranges
                0x00000fc8       0x20 /usr/lib/gcc/arm-none-eabi/14.2.0/../../../../arm-none-eabi/lib/thumb/v7e-m+fp/hard/libc_nano.a(libc_a-reent.o)
 .debug_aranges
                0x00000fe8       0x18 /usr/lib/gcc/arm-none-eabi/14.2.0/../../../../arm-none-eabi/lib/thumb/v7e-m+fp/hard/libc_nano.a(libc_a-impure.o)
 .debug_aranges
                0x00001000       0x20 /usr/lib/gcc/arm-none-eabi/14.2.0/../../../../arm-none-eabi/lib/thumb/v7e-m+fp/hard/libc_nano.a(libc_a-errno.o)
 .debug_aranges
                0x00001020       0x20 /usr/lib/gcc/arm-none-eabi/14.2.0/../../../../arm-none-eabi/lib/thumb/v7e-m+fp/hard/libc_nano.a(libc_a-init.o)
 .debug_aranges
                0x00001040       0x68 /usr/lib/gcc/arm-none-eabi/14.2.0/../../../../arm-none-eabi/lib/thumb/v7e-m+fp/hard/libc_nano.a(libc_a-lock.o)
 .debug_aranges
                0x000010a8       0x20 /usr/lib/gcc/arm-none-eabi/14.2.0/../../../../arm-none-eabi/lib/thumb/v7e-m+fp/hard/libc_nano.a(libc_a-strlen.o)
 .debug_aranges
                0x000010c8       0x20 /usr/lib/gcc/arm-none-eabi/14.2.0/../../../../arm-none-eabi/lib/thumb/v7e-m+fp/hard/libc_nano.a(libc_a-freer.o)
 .debug_aranges
                0x000010e8       0x28 /usr/lib/gcc/arm-none-eabi/14.2.0/../../../../arm-none-eabi/lib/thumb/v7e-m+fp/hard/libc_nano.a(libc_a-mallocr.o)
 .debug_aranges
                0x00001110       0x28 /usr/lib/gcc/arm-none-eabi/14.2.0/../../../../arm-none-eabi/lib/thumb/v7e-m+fp/hard/libc_nano.a(libc_a-mlock.o)
 .debug_aranges
                0x00001138       0x30 /usr/lib/gcc/arm-none-eabi/14.2.0/../../../../arm-none-eabi/lib/thumb/v7e-m+fp/hard/libc_nano.a(libc_a-nano-svfprintf.o)
 .debug_aranges
                0x00001168       0x28 /usr/lib/gcc/arm-none-eabi/14.2.0/../../../../arm-none-eabi/lib/thumb/v7e-m+fp/hard/libc_nano.a(libc_a-nano-vfprintf_i.o)
 .debug_aranges
                0x00001190       0x20 /usr/lib/gcc/arm-none-eabi/14.2.0/../../../../arm-none-eabi/lib/thumb/v7e-m+fp/hard/libc_nano.a(libc_a-memmove.o)
 .debug_aranges
                0x000011b0       0x20 /usr/lib/gcc/arm-none-eabi/14.2.0/../../../../arm-none-eabi/lib/thumb/v7e-m+fp/hard/libc_nano.a(libc_a-sbrkr.o)
 .debug_aranges
                0x000011d0       0x20 /usr/lib/gcc/arm-none-eabi/14.2.0/../../../../arm-none-eabi/lib/thumb/v7e-m+fp/hard/libc_nano.a(libc_a-memchr.o)
 .debug_aranges
                0x000011f0       0x20 /usr/lib/gcc/arm-none-eabi/14.2.0/../../../../arm-none-eabi/lib/thumb/v7e-m+fp/hard/libc_nano.a(libc_a-memcpy-stub.o)
 .debug_aranges
                0x00001210       0x20 /usr/lib/gcc/arm-none-eabi/14.2.0/../../../../arm-none-eabi/lib/thumb/v7e-m+fp/hard/libc_nano.a(libc_a-reallocr.o)
 .debug_aranges
                0x00001230       0x20 /usr/lib/gcc/arm-none-eabi/14.2.0/../../../../arm-none-eabi/lib/thumb/v7e-m+fp/hard/libc_nano.a(libc_a-msizer.o)
 .debug_aranges
                0x00001250       0x20 /usr/lib/gcc/arm-none-eabi/14.2.0/thumb/v7e-m+fp/hard/libgcc.a(_aeabi_uldivmod.o)
 .debug_aranges
                0x00001270       0x20 /usr/lib/gcc/arm-none-eabi/14.2.0/thumb/v7e-m+fp/hard/libgcc.a(_udivmoddi4.o)
 .debug_aranges
                0x00001290       0x20 /usr/lib/gcc/arm-none-eabi/14.2.0/thumb/v7e-m+fp/hard/libgcc.a(_dvmd_tls.o)

.debug_rnglists
                0x00000000      0xe76
 .debug_rnglists
                0x00000000       0x13 build/debug/Core/Src/dma.o
 .debug_rnglists
                0x00000013       0x13 build/debug/Core/Src/gpio.o
 .debug_rnglists
                0x00000026       0x20 build/debug/Core/Src/i2s.o
 .debug_rnglists
                0x00000046       0x33 build/debug/Core/Src/main.o
 .debug_rnglists
                0x00000079       0x20 build/debug/Core/Src/spi.o
 .debug_rnglists
                0x00000099       0x13 build/debug/Core/Src/stm32f4xx_hal_msp.o
 .debug_rnglists
                0x000000ac       0x4f build/debug/Core/Src/stm32f4xx_it.o
 .debug_rnglists
                0x000000fb       0x13 build/debug/Core/Src/sysmem.o
 .debug_rnglists
                0x0000010e       0x1a build/debug/Core/Src/system_stm32f4xx.o
 .debug_rnglists
                0x00000128       0x1f build/debug/Core/Src/usart.o
 .debug_rnglists
                0x00000147       0xaf build/debug/Drivers/STM32F4xx_HAL_Driver/Src/stm32f4xx_hal.o
 .debug_rnglists
                0x000001f6       0xb5 build/debug/Drivers/STM32F4xx_HAL_Driver/Src/stm32f4xx_hal_cortex.o
 .debug_rnglists
                0x000002ab       0x6c build/debug/Drivers/STM32F4xx_HAL_Driver/Src/stm32f4xx_hal_dma.o
 .debug_rnglists
                0x00000317       0x3f build/debug/Drivers/STM32F4xx_HAL_Driver/Src/stm32f4xx_hal_gpio.o
 .debug_rnglists
                0x00000356       0xe3 build/debug/Drivers/STM32F4xx_HAL_Driver/Src/stm32f4xx_hal_i2s.o
 .debug_rnglists
                0x00000439       0x72 build/debug/Drivers/STM32F4xx_HAL_Driver/Src/stm32f4xx_hal_i2s_ex.o
 .debug_rnglists
                0x000004ab       0x75 build/debug/Drivers/STM32F4xx_HAL_Driver/Src/stm32f4xx_hal_rcc.o
 .debug_rnglists
                0x00000520       0x39 build/debug/Drivers/STM32F4xx_HAL_Driver/Src/stm32f4xx_hal_rcc_ex.o
 .debug_rnglists
                0x00000559      0x16a build/debug/Drivers/STM32F4xx_HAL_Driver/Src/stm32f4xx_hal_spi.o
 .debug_rnglists
                0x000006c3      0x1a1 build/debug/Drivers/STM32F4xx_HAL_Driver/Src/stm32f4xx_hal_uart.o
 .debug_rnglists
                0x00000864       0x19 build/debug/FATFS/App/fatfs.o
 .debug_rnglists
                0x0000087d       0x2b build/debug/FATFS/Target/user_diskio.o
 .debug_rnglists
                0x000008a8       0x72 build/debug/FATFS/Target/user_diskio_spi.o
 .debug_rnglists
                0x0000091a       0x31 build/debug/Middlewares/Third_Party/FatFs/src/diskio.o
 .debug_rnglists
                0x0000094b      0x1bd build/debug/Middlewares/Third_Party/FatFs/src/ff.o
 .debug_rnglists
                0x00000b08       0x2b build/debug/Middlewares/Third_Party/FatFs/src/ff_gen_drv.o
 .debug_rnglists
                0x00000b33       0x1a build/debug/Middlewares/Third_Party/FatFs/src/option/ccsbcs.o
 .debug_rnglists
                0x00000b4d       0x19 build/debug/startup_stm32f411xe.o
 .debug_rnglists
                0x00000b66       0x7d /usr/lib/gcc/arm-none-eabi/14.2.0/../../../../arm-none-eabi/lib/thumb/v7e-m+fp/hard/libc_nano.a(libc_a-findfp.o)
 .debug_rnglists
                0x00000be3       0x19 /usr/lib/gcc/arm-none-eabi/14.2.0/../../../../arm-none-eabi/lib/thumb/v7e-m+fp/hard/libc_nano.a(libc_a-vsnprintf.o)
 .debug_rnglists
                0x00000bfc       0x13 /usr/lib/gcc/arm-none-eabi/14.2.0/../../../../arm-none-eabi/lib/thumb/v7e-m+fp/hard/libc_nano.a(libc_a-memset.o)
 .debug_rnglists
                0x00000c0f       0x2c /usr/lib/gcc/arm-none-eabi/14.2.0/../../../../arm-none-eabi/lib/thumb/v7e-m+fp/hard/libc_nano.a(libc_a-reent.o)
 .debug_rnglists
                0x00000c3b       0x13 /usr/lib/gcc/arm-none-eabi/14.2.0/../../../../arm-none-eabi/lib/thumb/v7e-m+fp/hard/libc_nano.a(libc_a-errno.o)
 .debug_rnglists
                0x00000c4e       0x13 /usr/lib/gcc/arm-none-eabi/14.2.0/../../../../arm-none-eabi/lib/thumb/v7e-m+fp/hard/libc_nano.a(libc_a-init.o)
 .debug_rnglists
                0x00000c61       0x49 /usr/lib/gcc/arm-none-eabi/14.2.0/../../../../arm-none-eabi/lib/thumb/v7e-m+fp/hard/libc_nano.a(libc_a-lock.o)
 .debug_rnglists
                0x00000caa       0x14 /usr/lib/gcc/arm-none-eabi/14.2.0/../../../../arm-none-eabi/lib/thumb/v7e-m+fp/hard/libc_nano.a(libc_a-freer.o)
 .debug_rnglists
                0x00000cbe       0x2c /usr/lib/gcc/arm-none-eabi/14.2.0/../../../../arm-none-eabi/lib/thumb/v7e-m+fp/hard/libc_nano.a(libc_a-mallocr.o)
 .debug_rnglists
                0x00000cea       0x19 /usr/lib/gcc/arm-none-eabi/14.2.0/../../../../arm-none-eabi/lib/thumb/v7e-m+fp/hard/libc_nano.a(libc_a-mlock.o)
 .debug_rnglists
                0x00000d03       0x40 /usr/lib/gcc/arm-none-eabi/14.2.0/../../../../arm-none-eabi/lib/thumb/v7e-m+fp/hard/libc_nano.a(libc_a-nano-svfprintf.o)
 .debug_rnglists
                0x00000d43       0x61 /usr/lib/gcc/arm-none-eabi/14.2.0/../../../../arm-none-eabi/lib/thumb/v7e-m+fp/hard/libc_nano.a(libc_a-nano-vfprintf_i.o)
 .debug_rnglists
                0x00000da4       0x13 /usr/lib/gcc/arm-none-eabi/14.2.0/../../../../arm-none-eabi/lib/thumb/v7e-m+fp/hard/libc_nano.a(libc_a-memmove.o)
 .debug_rnglists
                0x00000db7       0x13 /usr/lib/gcc/arm-none-eabi/14.2.0/../../../../arm-none-eabi/lib/thumb/v7e-m+fp/hard/libc_nano.a(libc_a-sbrkr.o)
 .debug_rnglists
                0x00000dca       0x13 /usr/lib/gcc/arm-none-eabi/14.2.0/../../../../arm-none-eabi/lib/thumb/v7e-m+fp/hard/libc_nano.a(libc_a-memcpy-stub.o)
 .debug_rnglists
                0x00000ddd       0x13 /usr/lib/gcc/arm-none-eabi/14.2.0/../../../../arm-none-eabi/lib/thumb/v7e-m+fp/hard/libc_nano.a(libc_a-reallocr.o)
 .debug_rnglists
                0x00000df0       0x13 /usr/lib/gcc/arm-none-eabi/14.2.0/../../../../arm-none-eabi/lib/thumb/v7e-m+fp/hard/libc_nano.a(libc_a-msizer.o)
 .debug_rnglists
                0x00000e03       0x73 /usr/lib/gcc/arm-none-eabi/14.2.0/thumb/v7e-m+fp/hard/libgcc.a(_udivmoddi4.o)

.debug_line     0x00000000    0x15bc9
 .debug_line    0x00000000      0x127 build/debug/Core/Src/dma.o
 .debug_line    0x00000127      0x154 build/debug/Core/Src/gpio.o
 .debug_line    0x0000027b      0x34f build/debug/Core/Src/i2s.o
 .debug_line    0x000005ca      0x4a3 build/debug/Core/Src/main.o
 .debug_line    0x00000a6d      0x2b3 build/debug/Core/Src/spi.o
 .debug_line    0x00000d20       0xfe build/debug/Core/Src/stm32f4xx_hal_msp.o
 .debug_line    0x00000e1e      0x252 build/debug/Core/Src/stm32f4xx_it.o
 .debug_line    0x00001070      0x13c build/debug/Core/Src/sysmem.o
 .debug_line    0x000011ac      0x1f5 build/debug/Core/Src/system_stm32f4xx.o
 .debug_line    0x000013a1      0x26d build/debug/Core/Src/usart.o
 .debug_line    0x0000160e      0x50f build/debug/Drivers/STM32F4xx_HAL_Driver/Src/stm32f4xx_hal.o
 .debug_line    0x00001b1d      0x7d2 build/debug/Drivers/STM32F4xx_HAL_Driver/Src/stm32f4xx_hal_cortex.o
 .debug_line    0x000022ef      0xdc8 build/debug/Drivers/STM32F4xx_HAL_Driver/Src/stm32f4xx_hal_dma.o
 .debug_line    0x000030b7      0x661 build/debug/Drivers/STM32F4xx_HAL_Driver/Src/stm32f4xx_hal_gpio.o
 .debug_line    0x00003718     0x1348 build/debug/Drivers/STM32F4xx_HAL_Driver/Src/stm32f4xx_hal_i2s.o
 .debug_line    0x00004a60      0xf8f build/debug/Drivers/STM32F4xx_HAL_Driver/Src/stm32f4xx_hal_i2s_ex.o
 .debug_line    0x000059ef      0xb71 build/debug/Drivers/STM32F4xx_HAL_Driver/Src/stm32f4xx_hal_rcc.o
 .debug_line    0x00006560      0x657 build/debug/Drivers/STM32F4xx_HAL_Driver/Src/stm32f4xx_hal_rcc_ex.o
 .debug_line    0x00006bb7     0x23cf build/debug/Drivers/STM32F4xx_HAL_Driver/Src/stm32f4xx_hal_spi.o
 .debug_line    0x00008f86     0x3450 build/debug/Drivers/STM32F4xx_HAL_Driver/Src/stm32f4xx_hal_uart.o
 .debug_line    0x0000c3d6      0x14b build/debug/FATFS/App/fatfs.o
 .debug_line    0x0000c521      0x136 build/debug/FATFS/Target/user_diskio.o
 .debug_line    0x0000c657      0xb9e build/debug/FATFS/Target/user_diskio_spi.o
 .debug_line    0x0000d1f5      0x1f2 build/debug/Middlewares/Third_Party/FatFs/src/diskio.o
 .debug_line    0x0000d3e7     0x4c5e build/debug/Middlewares/Third_Party/FatFs/src/ff.o
 .debug_line    0x00012045      0x224 build/debug/Middlewares/Third_Party/FatFs/src/ff_gen_drv.o
 .debug_line    0x00012269      0x247 build/debug/Middlewares/Third_Party/FatFs/src/option/ccsbcs.o
 .debug_line    0x000124b0       0x76 build/debug/startup_stm32f411xe.o
 .debug_line    0x00012526      0x56e /usr/lib/gcc/arm-none-eabi/14.2.0/../../../../arm-none-eabi/lib/thumb/v7e-m+fp/hard/libc_nano.a(libc_a-findfp.o)
 .debug_line    0x00012a94      0x248 /usr/lib/gcc/arm-none-eabi/14.2.0/../../../../arm-none-eabi/lib/thumb/v7e-m+fp/hard/libc_nano.a(libc_a-vsnprintf.o)
 .debug_line    0x00012cdc      0x123 /usr/lib/gcc/arm-none-eabi/14.2.0/../../../../arm-none-eabi/lib/thumb/v7e-m+fp/hard/libc_nano.a(libc_a-memset.o)
 .debug_line    0x00012dff      0x292 /usr/lib/gcc/arm-none-eabi/14.2.0/../../../../arm-none-eabi/lib/thumb/v7e-m+fp/hard/libc_nano.a(libc_a-reent.o)
 .debug_line    0x00013091      0x108 /usr/lib/gcc/arm-none-eabi/14.2.0/../../../../arm-none-eabi/lib/thumb/v7e-m+fp/hard/libc_nano.a(libc_a-impure.o)
 .debug_line    0x00013199      0x12a /usr/lib/gcc/arm-none-eabi/14.2.0/../../../../arm-none-eabi/lib/thumb/v7e-m+fp/hard/libc_nano.a(libc_a-errno.o)
 .debug_line    0x000132c3      0x115 /usr/lib/gcc/arm-none-eabi/14.2.0/../../../../arm-none-eabi/lib/thumb/v7e-m+fp/hard/libc_nano.a(libc_a-init.o)
 .debug_line    0x000133d8      0x17d /usr/lib/gcc/arm-none-eabi/14.2.0/../../../../arm-none-eabi/lib/thumb/v7e-m+fp/hard/libc_nano.a(libc_a-lock.o)
 .debug_line    0x00013555       0x4f /usr/lib/gcc/arm-none-eabi/14.2.0/../../../../arm-none-eabi/lib/thumb/v7e-m+fp/hard/libc_nano.a(libc_a-strlen.o)
 .debug_line    0x000135a4      0x2aa /usr/lib/gcc/arm-none-eabi/14.2.0/../../../../arm-none-eabi/lib/thumb/v7e-m+fp/hard/libc_nano.a(libc_a-freer.o)
 .debug_line    0x0001384e      0x47a /usr/lib/gcc/arm-none-eabi/14.2.0/../../../../arm-none-eabi/lib/thumb/v7e-m+fp/hard/libc_nano.a(libc_a-mallocr.o)
 .debug_line    0x00013cc8      0x18a /usr/lib/gcc/arm-none-eabi/14.2.0/../../../../arm-none-eabi/lib/thumb/v7e-m+fp/hard/libc_nano.a(libc_a-mlock.o)
 .debug_line    0x00013e52      0x80f /usr/lib/gcc/arm-none-eabi/14.2.0/../../../../arm-none-eabi/lib/thumb/v7e-m+fp/hard/libc_nano.a(libc_a-nano-svfprintf.o)
 .debug_line    0x00014661      0x6a7 /usr/lib/gcc/arm-none-eabi/14.2.0/../../../../arm-none-eabi/lib/thumb/v7e-m+fp/hard/libc_nano.a(libc_a-nano-vfprintf_i.o)
 .debug_line    0x00014d08      0x160 /usr/lib/gcc/arm-none-eabi/14.2.0/../../../../arm-none-eabi/lib/thumb/v7e-m+fp/hard/libc_nano.a(libc_a-memmove.o)
 .debug_line    0x00014e68      0x1bc /usr/lib/gcc/arm-none-eabi/14.2.0/../../../../arm-none-eabi/lib/thumb/v7e-m+fp/hard/libc_nano.a(libc_a-sbrkr.o)
 .debug_line    0x00015024       0x84 /usr/lib/gcc/arm-none-eabi/14.2.0/../../../../arm-none-eabi/lib/thumb/v7e-m+fp/hard/libc_nano.a(libc_a-memchr.o)
 .debug_line    0x000150a8      0x191 /usr/lib/gcc/arm-none-eabi/14.2.0/../../../../arm-none-eabi/lib/thumb/v7e-m+fp/hard/libc_nano.a(libc_a-memcpy-stub.o)
 .debug_line    0x00015239      0x20f /usr/lib/gcc/arm-none-eabi/14.2.0/../../../../arm-none-eabi/lib/thumb/v7e-m+fp/hard/libc_nano.a(libc_a-reallocr.o)
 .debug_line    0x00015448      0x1a2 /usr/lib/gcc/arm-none-eabi/14.2.0/../../../../arm-none-eabi/lib/thumb/v7e-m+fp/hard/libc_nano.a(libc_a-msizer.o)
 .debug_line    0x000155ea       0x4e /usr/lib/gcc/arm-none-eabi/14.2.0/thumb/v7e-m+fp/hard/libgcc.a(_aeabi_uldivmod.o)
 .debug_line    0x00015638      0x547 /usr/lib/gcc/arm-none-eabi/14.2.0/thumb/v7e-m+fp/hard/libgcc.a(_udivmoddi4.o)
 .debug_line    0x00015b7f       0x4a /usr/lib/gcc/arm-none-eabi/14.2.0/thumb/v7e-m+fp/hard/libgcc.a(_dvmd_tls.o)

.debug_str      0x00000000     0x5494
 .debug_str     0x00000000     0x5494 build/debug/Core/Src/dma.o
                                0x666 (size before relaxing)
 .debug_str     0x00005494      0x36b build/debug/Core/Src/gpio.o
 .debug_str     0x00005494      0xca1 build/debug/Core/Src/i2s.o
 .debug_str     0x00005494      0xe44 build/debug/Core/Src/main.o
 .debug_str     0x00005494      0x7f8 build/debug/Core/Src/spi.o
 .debug_str     0x00005494      0x2ac build/debug/Core/Src/stm32f4xx_hal_msp.o
 .debug_str     0x00005494      0x6af build/debug/Core/Src/stm32f4xx_it.o
 .debug_str     0x00005494      0x204 build/debug/Core/Src/sysmem.o
 .debug_str     0x00005494      0x366 build/debug/Core/Src/system_stm32f4xx.o
 .debug_str     0x00005494      0x827 build/debug/Core/Src/usart.o
 .debug_str     0x00005494      0x9fd build/debug/Drivers/STM32F4xx_HAL_Driver/Src/stm32f4xx_hal.o
 .debug_str     0x00005494      0xafc build/debug/Drivers/STM32F4xx_HAL_Driver/Src/stm32f4xx_hal_cortex.o
 .debug_str     0x00005494      0x755 build/debug/Drivers/STM32F4xx_HAL_Driver/Src/stm32f4xx_hal_dma.o
 .debug_str     0x00005494      0x4d1 build/debug/Drivers/STM32F4xx_HAL_Driver/Src/stm32f4xx_hal_gpio.o
 .debug_str     0x00005494      0x92f build/debug/Drivers/STM32F4xx_HAL_Driver/Src/stm32f4xx_hal_i2s.o
 .debug_str     0x00005494      0x840 build/debug/Drivers/STM32F4xx_HAL_Driver/Src/stm32f4xx_hal_i2s_ex.o
 .debug_str     0x00005494      0x6f7 build/debug/Drivers/STM32F4xx_HAL_Driver/Src/stm32f4xx_hal_rcc.o
 .debug_str     0x00005494      0x4ee build/debug/Drivers/STM32F4xx_HAL_Driver/Src/stm32f4xx_hal_rcc_ex.o
 .debug_str     0x00005494      0xbd3 build/debug/Drivers/STM32F4xx_HAL_Driver/Src/stm32f4xx_hal_spi.o
 .debug_str     0x00005494      0xd7a build/debug/Drivers/STM32F4xx_HAL_Driver/Src/stm32f4xx_hal_uart.o
 .debug_str     0x00005494      0x369 build/debug/FATFS/App/fatfs.o
 .debug_str     0x00005494      0x2cd build/debug/FATFS/Target/user_diskio.o
 .debug_str     0x00005494      0x885 build/debug/FATFS/Target/user_diskio_spi.o
 .debug_str     0x00005494      0x287 build/debug/Middlewares/Third_Party/FatFs/src/diskio.o
 .debug_str     0x00005494      0x87e build/debug/Middlewares/Third_Party/FatFs/src/ff.o
 .debug_str     0x00005494      0x2d8 build/debug/Middlewares/Third_Party/FatFs/src/ff_gen_drv.o
 .debug_str     0x00005494      0x1bd build/debug/Middlewares/Third_Party/FatFs/src/option/ccsbcs.o
 .debug_str     0x00005494       0x64 build/debug/startup_stm32f411xe.o